******************************************************************************
                  TI ARM Linker PC v20.2.5                     
******************************************************************************
>> Linked Sat Sep 18 16:46:58 2021

OUTPUT FILE NAME:   <TMS570_FreeRtos_Demo.out>
ENTRY POINT SYMBOL: "_c_int00"  address: 00010670


MEMORY CONFIGURATION

         name            origin    length      used     unused   attr    fill
----------------------  --------  ---------  --------  --------  ----  --------
  VECTORS               00000000   00000020  00000020  00000000     X
  KERNEL                00000020   00008000  00005530  00002ad0  R  X
  FLASH0                00008020   00137fe0  0000a64d  0012d993  R  X
  STACKS                08000000   00000800  00000000  00000800  RW  
  KRAM                  08000800   00000800  00000104  000006fc  RW  
  RAM                   08001000   0002f000  000051ac  00029e54  RW  


SEGMENT ALLOCATION MAP

run origin  load origin   length   init length attrs members
----------  ----------- ---------- ----------- ----- -------
00000000    00000000    00005550   00005550    r-x
  00000000    00000000    00000020   00000020    r-x .intvecs
  00000020    00000020    000054e0   000054e0    r-x .kernelTEXT
  00005500    00005500    00000050   00000050    r-- .cinit
00008020    00008020    0000a64d   0000a64d    r-x
  00008020    00008020    0000a34c   0000a34c    r-x .text
  0001236c    0001236c    00000301   00000301    r-- .const
08000800    08000800    00000104   00000000    rw-
  08000800    08000800    00000104   00000000    rw- .kernelBSS
08001000    08001000    000051ac   00000000    rw-
  08001000    08001000    00003188   00000000    rw- .bss
  08004188    08004188    00002000   00000000    rw- .kernelHEAP
  08006188    08006188    00000024   00000000    rw- .data


SECTION ALLOCATION MAP

 output                                  attributes/
section   page    origin      length       input sections
--------  ----  ----------  ----------   ----------------
.intvecs   0    00000000    00000020     
                  00000000    00000020     sys_intvecs.obj (.intvecs)

.kernelTEXT 
*          0    00000020    000054e0     
                  00000020    00002cfc     os_tasks.obj (.kernelTEXT)
                  00002d1c    00001348     os_queue.obj (.kernelTEXT)
                  00004064    00000890     os_event_groups.obj (.kernelTEXT)
                  000048f4    000004b0     os_portasm.obj (.kernelTEXT)
                  00004da4    000003e0     os_port.obj (.kernelTEXT)
                  00005184    0000037c     os_heap.obj (.kernelTEXT)

.cinit     0    00005500    00000050     
                  00005500    0000000c     (__TI_handler_table)
                  0000550c    0000000b     (.cinit..data.load) [load image, compression = lzss]
                  00005517    00000009     (.cinit..kernelBSS.load) [load image, compression = lzss]
                  00005520    00000008     (.cinit..bss.load) [load image, compression = zero_init]
                  00005528    00000008     (.cinit..kernelHEAP.load) [load image, compression = zero_init]
                  00005530    00000020     (__TI_cinit_table)

.text      0    00008020    0000a34c     
                  00008020    00002cdc     sys_selftest.obj (.text)
                  0000acfc    00000b64     system.obj (.text)
                  0000b860    00000a9c     os_mpu_wrappers.obj (.text)
                  0000c2fc    00000a58     sys_vim.obj (.text)
                  0000cd54    00000a4e     rtsv7R4_T_be_v3D16_eabi.lib : _printfi.c.obj (.text:__TI_printfi)
                  0000d7a2    00000002     --HOLE-- [fill = 0]
                  0000d7a4    00000a2c     sci.obj (.text)
                  0000e1d0    000008b4     pinmux.obj (.text)
                  0000ea84    00000664     errata_SSWF021_45.obj (.text)
                  0000f0e8    000005bc     esm.obj (.text)
                  0000f6a4    00000398     sci.obj (.text:retain)
                  0000fa3c    00000364     sys_main.obj (.text)
                  0000fda0    0000034c     sys_core.obj (.text)
                  000100ec    000002cc     sys_vim.obj (.text:retain)
                  000103b8    000002b8     rtsv7R4_T_be_v3D16_eabi.lib : ull_div32.asm.obj (.text)
                  00010670    00000288     sys_startup.obj (.text:retain)
                  000108f8    00000278     os_heap.obj (.text)
                  00010b70    00000248     rtsv7R4_T_be_v3D16_eabi.lib : _printfi.c.obj (.text:_pconv_a)
                  00010db8    00000238     os_list.obj (.text)
                  00010ff0    000001f8     notification.obj (.text)
                  000111e8    000001b0     os_port.obj (.text)
                  00011398    000001a0     rtsv7R4_T_be_v3D16_eabi.lib : _printfi.c.obj (.text:_pconv_g)
                  00011538    00000158     os_tasks.obj (.text)
                  00011690    00000114     esm.obj (.text:retain)
                  000117a4    00000104     rtsv7R4_T_be_v3D16_eabi.lib : _printfi.c.obj (.text:_pconv_e)
                  000118a8    000000fc                                 : _printfi.c.obj (.text:fcvt)
                  000119a4    000000f0                                 : s_scalbn.c.obj (.text:scalbn)
                  00011a94    000000e8     dabort.obj (.text)
                  00011b7c    000000e0     rtsv7R4_T_be_v3D16_eabi.lib : s_floor.c.obj (.text:floor)
                  00011c5c    000000e0     sys_pmu.obj (.text)
                  00011d3c    000000ad     rtsv7R4_T_be_v3D16_eabi.lib : _printfi.c.obj (.text:_ltostr)
                  00011de9    00000001     --HOLE-- [fill = 0]
                  00011dea    0000009c                                 : memcpy_t2.asm.obj (.text)
                  00011e86    0000007a                                 : _printfi.c.obj (.text:_mcpy)
                  00011f00    0000007a                                 : memset_t2.asm.obj (.text)
                  00011f7a    00000002     --HOLE-- [fill = 0]
                  00011f7c    00000074                                 : s_frexp.c.obj (.text:frexp)
                  00011ff0    0000006c                                 : copy_decompress_lzss.c.obj (.text:decompress:lzss:__TI_decompress_lzss)
                  0001205c    00000054                                 : _ltoa.c.obj (.text:__TI_ltoa)
                  000120b0    00000054                                 : _printfi.c.obj (.text:_ecpy)
                  00012104    00000050                                 : _printfi.c.obj (.text:_pconv_f)
                  00012154    00000050                                 : atoi.c.obj (.text:atoi)
                  000121a4    0000004c                                 : snprintf.c.obj (.text:snprintf)
                  000121f0    00000044                                 : autoinit.c.obj (.text:__TI_auto_init_nobinit_nopinit:__TI_auto_init_nobinit_nopinit)
                  00012234    00000040                                 : _printfi.c.obj (.text:_fcpy)
                  00012274    00000030                                 : snprintf.c.obj (.text:_outs)
                  000122a4    00000026                                 : memccpy.c.obj (.text:memccpy)
                  000122ca    0000001e                                 : s_copysign.c.obj (.text:copysign)
                  000122e8    00000018                                 : snprintf.c.obj (.text:_outc)
                  00012300    00000016                                 : strchr.c.obj (.text:strchr)
                  00012316    00000016                                 : strlen.c.obj (.text:strlen)
                  0001232c    00000012                                 : wcslen.c.obj (.text:wcslen)
                  0001233e    0000000e                                 : copy_decompress_none.c.obj (.text:decompress:none:__TI_decompress_none)
                  0001234c    0000000c                                 : copy_zero_init.c.obj (.text:decompress:ZI:__TI_zero_init)
                  00012358    00000008                                 : errno.c.obj (.text:__aeabi_errno_addr)
                  00012360    00000004                                 : exit.c.obj (.text:abort:abort)
                  00012364    00000004     sys_phantom.obj (.text:retain)
                  00012368    00000004     sys_startup.obj (.text)

.const     0    0001236c    00000301     
                  0001236c    00000200     sys_vim.obj (.const:s_vim_init)
                  0001256c    00000101     rtsv7R4_T_be_v3D16_eabi.lib : ctype.c.obj (.const:.string:_ctypes_)

.kernelBSS 
*          0    08000800    00000104     UNINITIALIZED
                  08000800    000000d0     os_tasks.obj (.kernelBSS:uninit)
                  080008d0    00000034     os_tasks.obj (.kernelBSS:init)

.bss       0    08001000    00003188     UNINITIALIZED
                  08001000    00000fa0     sys_main.obj (.bss:IdleStackBuffer)
                  08001fa0    00000fa0     sys_main.obj (.bss:rxStackBuffer)
                  08002f40    00000fa0     sys_main.obj (.bss:txStackBuffer)
                  08003ee0    000000a4     sys_main.obj (.bss:IdleTaskBuffer)
                  08003f84    000000a4     sys_main.obj (.bss:rxTaskBuffer)
                  08004028    000000a4     sys_main.obj (.bss:txTaskBuffer)
                  080040cc    00000048     sys_main.obj (.bss:sciRxSemBuffer)
                  08004114    00000040     sys_main.obj (.bss:rxBuff)
                  08004154    00000028     sci.obj (.bss:g_sciTransfer_t)
                  0800417c    00000008     os_heap.obj (.bss:xStart)
                  08004184    00000004     sys_main.obj (.bss)

.kernelHEAP 
*          0    08004188    00002000     UNINITIALIZED
                  08004188    00002000     os_heap.obj (.kernelHEAP)

.data      0    08006188    00000024     UNINITIALIZED
                  08006188    00000010     os_heap.obj (.data)
                  08006198    00000008     os_port.obj (.data)
                  080061a0    00000008     sys_main.obj (.data)
                  080061a8    00000004     rtsv7R4_T_be_v3D16_eabi.lib : errno.c.obj (.data)

__llvm_prf_cnts 
*          0    08001000    00000000     UNINITIALIZED

MODULE SUMMARY

       Module                       code    ro data   rw data
       ------                       ----    -------   -------
    .\source\
       sys_main.obj                 868     0         12640  
       os_tasks.obj                 11860   0         260    
       sys_selftest.obj             11484   0         0      
       os_heap.obj                  1524    0         8216   
       os_queue.obj                 4936    0         0      
       sys_vim.obj                  3364    512       0      
       sci.obj                      3524    0         40     
       system.obj                   2916    0         0      
       os_mpu_wrappers.obj          2716    0         0      
       pinmux.obj                   2228    0         0      
       os_event_groups.obj          2192    0         0      
       esm.obj                      1744    0         0      
       errata_SSWF021_45.obj        1636    0         0      
       os_port.obj                  1424    0         8      
       os_portasm.obj               1200    0         0      
       sys_core.obj                 844     0         0      
       sys_startup.obj              652     0         0      
       os_list.obj                  568     0         0      
       notification.obj             504     0         0      
       dabort.obj                   232     0         0      
       sys_pmu.obj                  224     0         0      
       sys_intvecs.obj              32      0         0      
       sys_phantom.obj              4       0         0      
    +--+----------------------------+-------+---------+---------+
       Total:                       56676   512       21164  
                                                             
    C:/ti/ccsv7/tools/compiler/ti-cgt-arm_20.2.5.LTS/lib/rtsv7R4_T_be_v3D16_eabi.lib
       _printfi.c.obj               4673    0         0      
       ull_div32.asm.obj            696     0         0      
       ctype.c.obj                  0       257       0      
       s_scalbn.c.obj               240     0         0      
       s_floor.c.obj                224     0         0      
       memcpy_t2.asm.obj            156     0         0      
       snprintf.c.obj               148     0         0      
       memset_t2.asm.obj            122     0         0      
       s_frexp.c.obj                116     0         0      
       copy_decompress_lzss.c.obj   108     0         0      
       _ltoa.c.obj                  84      0         0      
       atoi.c.obj                   80      0         0      
       autoinit.c.obj               68      0         0      
       memccpy.c.obj                38      0         0      
       s_copysign.c.obj             30      0         0      
       strchr.c.obj                 22      0         0      
       strlen.c.obj                 22      0         0      
       wcslen.c.obj                 18      0         0      
       copy_decompress_none.c.obj   14      0         0      
       copy_zero_init.c.obj         12      0         0      
       errno.c.obj                  8       0         4      
       exit.c.obj                   4       0         0      
    +--+----------------------------+-------+---------+---------+
       Total:                       6883    257       4      
                                                             
       Linker Generated:            0       80        0      
    +--+----------------------------+-------+---------+---------+
       Grand Total:                 63559   849       21168  


LINKER GENERATED COPY TABLES

__TI_cinit_table @ 00005530 records: 4, size/record: 8, table size: 32
	.data: load addr=0000550c, load size=0000000b bytes, run addr=08006188, run size=00000024 bytes, compression=lzss
	.kernelBSS: load addr=00005517, load size=00000009 bytes, run addr=08000800, run size=00000104 bytes, compression=lzss
	.bss: load addr=00005520, load size=00000008 bytes, run addr=08001000, run size=00003188 bytes, compression=zero_init
	.kernelHEAP: load addr=00005528, load size=00000008 bytes, run addr=08004188, run size=00002000 bytes, compression=zero_init


LINKER GENERATED HANDLER TABLE

__TI_handler_table @ 00005500 records: 3, size/record: 4, table size: 12
	index: 0, handler: __TI_decompress_lzss
	index: 1, handler: __TI_decompress_none
	index: 2, handler: __TI_zero_init


GLOBAL SYMBOLS: SORTED ALPHABETICALLY BY Name 

address   name                                  
-------   ----                                  
00012361  C$$EXIT                               
0000ba9c  MPU_eTaskGetState                     
0000bc04  MPU_pcTaskGetName                     
0000bce4  MPU_pvTaskGetThreadLocalStoragePointer
0000bdfc  MPU_ulTaskNotifyTake                  
0000bfb8  MPU_uxQueueMessagesWaiting            
0000bfec  MPU_uxQueueSpacesAvailable            
0000bbd8  MPU_uxTaskGetNumberOfTasks            
0000bc6c  MPU_uxTaskGetStackHighWaterMark       
0000ba68  MPU_uxTaskPriorityGet                 
0000c2d0  MPU_vEventGroupDelete                 
0000c020  MPU_vQueueDelete                      
0000b974  MPU_vTaskAllocateMPURegions           
0000b9d4  MPU_vTaskDelay                        
0000ba00  MPU_vTaskDelayUntil                   
0000b9a8  MPU_vTaskDelete                       
0000bad0  MPU_vTaskPrioritySet                  
0000bb30  MPU_vTaskResume                       
0000bca0  MPU_vTaskSetThreadLocalStoragePointer 
0000be74  MPU_vTaskSetTimeOutState              
0000bb04  MPU_vTaskSuspend                      
0000bb5c  MPU_vTaskSuspendAll                   
0000c1f4  MPU_xEventGroupClearBits              
0000c138  MPU_xEventGroupCreate                 
0000c164  MPU_xEventGroupCreateStatic           
0000c238  MPU_xEventGroupSetBits                
0000c27c  MPU_xEventGroupSync                   
0000c198  MPU_xEventGroupWaitBits               
0000c04c  MPU_xQueueGenericCreate               
0000c098  MPU_xQueueGenericCreateStatic         
0000bf64  MPU_xQueueGenericReceive              
0000c0f4  MPU_xQueueGenericReset                
0000bf10  MPU_xQueueGenericSend                 
0000ba34  MPU_xTaskAbortDelay                   
0000bea0  MPU_xTaskCheckForTimeOut              
0000b860  MPU_xTaskCreate                       
0000b930  MPU_xTaskCreateRestricted             
0000b8c4  MPU_xTaskCreateStatic                 
0000bd54  MPU_xTaskGenericNotify                
0000bc38  MPU_xTaskGetHandle                    
0000bd28  MPU_xTaskGetIdleTaskHandle            
0000bee4  MPU_xTaskGetSchedulerState            
0000bbac  MPU_xTaskGetTickCount                 
0000be40  MPU_xTaskNotifyStateClear             
0000bda8  MPU_xTaskNotifyWait                   
0000bb80  MPU_xTaskResumeAll                    
UNDEFED   SHT$$INIT_ARRAY$$Base                 
UNDEFED   SHT$$INIT_ARRAY$$Limit                
00005530  __TI_CINIT_Base                       
00005550  __TI_CINIT_Limit                      
00005500  __TI_Handler_Table_Base               
0000550c  __TI_Handler_Table_Limit              
000100e4  __TI_PINIT_Base                       
000100e8  __TI_PINIT_Limit                      
000121f1  __TI_auto_init_nobinit_nopinit        
00011ff1  __TI_decompress_lzss                  
0001233f  __TI_decompress_none                  
0001205d  __TI_ltoa                             
ffffffff  __TI_pprof_out_hndl                   
0000cd55  __TI_printfi                          
ffffffff  __TI_prof_data_size                   
ffffffff  __TI_prof_data_start                  
00000000  __TI_static_base__                    
0001234d  __TI_zero_init                        
00012359  __aeabi_errno_addr                    
00011f01  __aeabi_memclr                        
00011f01  __aeabi_memclr4                       
00011f01  __aeabi_memclr8                       
00011deb  __aeabi_memcpy                        
00011deb  __aeabi_memcpy4                       
00011deb  __aeabi_memcpy8                       
00011f03  __aeabi_memset                        
00011f03  __aeabi_memset4                       
00011f03  __aeabi_memset8                       
000103b8  __aeabi_uldivmod                      
ffffffff  __binit__                             
ffffffff  __c_args__                            
08001000  __start___llvm_prf_cnts               
08001000  __stop___llvm_prf_cnts                
00010670  _c_int00                              
0000fffc  _coreClearAuxiliaryDataFault_         
00010010  _coreClearAuxiliaryInstructionFault_  
0000ffd4  _coreClearDataFaultAddress_           
0000ffac  _coreClearDataFault_                  
0000ffe8  _coreClearInstructionFaultAddress_    
0000ffc0  _coreClearInstructionFault_           
0000ff40  _coreDisableEventBusExport_           
0000ff84  _coreDisableFlashEcc_                 
0000ff60  _coreDisableRamEcc_                   
0000ff30  _coreEnableEventBusExport_            
0000ff70  _coreEnableFlashEcc_                  
0000ff94  _coreEnableIrqVicOffset_              
0000ff50  _coreEnableRamEcc_                    
0000ff18  _coreEnableVfp_                       
0000fff4  _coreGetAuxiliaryDataFault_           
00010008  _coreGetAuxiliaryInstructionFault_    
0000ffcc  _coreGetDataFaultAddress_             
0000ffa4  _coreGetDataFault_                    
0000ffe0  _coreGetInstructionFaultAddress_      
0000ffb8  _coreGetInstructionFault_             
0000fda0  _coreInitRegisters_                   
0000feac  _coreInitStackPointer_                
0001256c  _ctypes_                              
00011a94  _dabort                               
00010024  _disable_FIQ_interrupt_               
0001002c  _disable_IRQ_interrupt_               
0001001c  _disable_interrupt_                   
00010034  _enable_interrupt_                    
000100c4  _errata_CORTEXR4_57_                  
000100d4  _errata_CORTEXR4_66_                  
0000ea84  _errata_SSWF021_45_both_plls          
0000ec78  _errata_SSWF021_45_pll1               
0000edf0  _errata_SSWF021_45_pll2               
0001003c  _esmCcmErrorsClear_                   
0000fef8  _getCPSRValue_                        
0000ff00  _gotoCPUIdle_                         
00011cb8  _pmuDisableCountersGlobal_            
00011ca8  _pmuEnableCountersGlobal_             
00011d14  _pmuGetCycleCount_                    
00011d1c  _pmuGetEventCount_                    
00011d28  _pmuGetOverflow_                      
00011c5c  _pmuInit_                             
00011ce8  _pmuResetCounters_                    
00011cc8  _pmuResetCycleCounter_                
00011cd8  _pmuResetEventCounters_               
00011d08  _pmuSetCountEvent_                    
00011cf8  _pmuStartCounters_                    
00011d00  _pmuStopCounters_                     
UNDEFED   _system_post_cinit                    
00012361  abort                                 
0000926c  adc1ParityCheck                       
00009358  adc2ParityCheck                       
00011048  adcNotification                       
00012155  atoi                                  
ffffffff  binit                                 
00009410  can1ParityCheck                       
000094e8  can2ParityCheck                       
000095b0  can3ParityCheck                       
0001105c  canErrorNotification                  
00011084  canMessageNotification                
00011070  canStatusChangeNotification           
00008030  ccmSelfCheck                          
0000a6fc  ccmr4GetConfigValue                   
00008938  checkB0RAMECC                         
00008b28  checkB1RAMECC                         
00009c18  checkClockMonitor                     
00008d18  checkFlashECC                         
00009cf4  checkFlashEEPROMECC                   
00009e8c  checkPLL1Slip                         
00009f8c  checkPLL2Slip                         
0000a050  checkRAMAddrParity                    
000099d0  checkRAMECC                           
0000a15c  checkRAMUERRTest                      
000087bc  checkefcSelfTest                      
000122cb  copysign                              
000122cb  copysignl                             
00008234  cpuSelfTest                           
00008dfc  cpuSelfTestFail                       
00011174  crcNotification                       
0000b784  customTrimLPO                         
00008df4  custom_dabort                         
00011098  dccNotification                       
0000ab58  disableParity                         
000111d4  dmaGroupANotification                 
00008eac  dmaParityCheck                        
00002044  eTaskConfirmSleepModeStatus           
00000974  eTaskGetState                         
000111c0  ecapNotification                      
0001114c  edgeNotification                      
00008660  efcCheck                              
0000a660  efcGetConfigValue                     
00008794  efcSelfTest                           
000086e8  efcStuckZeroTest                      
0000aad0  enableParity                          
000111ac  eqepNotification                      
0000a76c  errata_PBIST_4                        
080061a8  errno                                 
0000f26c  esmActivateNormalOperation            
0000f340  esmClearStatus                        
0000f380  esmClearStatusBuffer                  
0000f234  esmDisableError                       
0000f2a4  esmDisableInterrupt                   
0000f20c  esmEnableError                        
0000f27c  esmEnableInterrupt                    
0000f478  esmEnterSelfTest                      
0000f1f0  esmError                              
0000f550  esmGetConfigValue                     
0000f3bc  esmGetStatus                          
0000f440  esmGetStatusBuffer                    
00010ff0  esmGroup1Notification                 
00011000  esmGroup2Notification                 
00011690  esmHighInterrupt                      
0000f0e8  esmInit                               
0000f500  esmSelfTestStatus                     
0000f39c  esmSetCounterPreloadValue             
0000f2cc  esmSetInterruptLevel                  
0000f25c  esmTriggerErrorPinReset               
00011188  etpwmNotification                     
00011198  etpwmTripNotification                 
00011b7d  floor                                 
00011b7d  floorl                                
0000a2c4  fmcBus1ParityCheck                    
0000885c  fmcBus2Check                          
00008898  fmcECCcheck                           
00011f7d  frexp                                 
00011f7d  frexpl                                
000110ac  gioNotification                       
00012368  handlePLLLockFail                     
00008f58  het1ParityCheck                       
000090c0  het2ParityCheck                       
00011160  hetNotification                       
00009004  htu1ParityCheck                       
000091bc  htu2ParityCheck                       
000110c0  i2cNotification                       
000119a5  ldexp                                 
000119a5  ldexpl                                
0000f818  linHighLevelInterrupt                 
0000fc70  main                                  
0000ae64  mapClocks                             
000122a5  memccpy                               
00011deb  memcpy                                
00008174  memoryInit                            
00011010  memoryPort0TestFailNotification       
0001102c  memoryPort1TestFailNotification       
00011f09  memset                                
00009684  mibspi1ParityCheck                    
0000978c  mibspi3ParityCheck                    
000098b0  mibspi5ParityCheck                    
000110e8  mibspiGroupNotification               
000110d4  mibspiNotification                    
0000e1d0  muxInit                               
0000a3ec  pbistFail                             
0000a470  pbistGetConfigValue                   
000085a8  pbistIsTestCompleted                  
000085d4  pbistIsTestPassed                     
00008608  pbistPortTestStatus                   
000084ac  pbistRun                              
000082cc  pbistSelfCheck                        
00008578  pbistStop                             
00001488  pcTaskGetName                         
0000ae10  periphInit                            
00012364  phantomInterrupt                      
0000e66c  pinmuxGetConfigValue                  
00004d7c  prvMpuDisable                         
00004d64  prvMpuEnable                          
00004d4c  prvMpuSetRegion                       
00005184  pvPortMalloc                          
00002124  pvTaskGetThreadLocalStoragePointer    
00011134  pwmNotification                       
080008d0  pxCurrentTCB                          
00004da4  pxPortInitialiseStack                 
00000000  resetEntry                            
000119a5  scalbn                                
000119a5  scalbnl                               
0000dd54  sciDisableLoopback                    
0000dde0  sciDisableNotification                
0000dd20  sciEnableLoopback                     
0000dd78  sciEnableNotification                 
0000de48  sciEnterResetState                    
0000de68  sciExitResetState                     
0000de88  sciGetConfigValue                     
0000f6a4  sciHighLevelInterrupt                 
0000d7a4  sciInit                               
0000dbd0  sciIsIdleDetected                     
0000dbb4  sciIsRxReady                          
0000da34  sciIsTxReady                          
0000fad8  sciNotification                       
0000dc48  sciReceive                            
0000dc1c  sciReceiveByte                        
0000dbec  sciRxError                            
0000da80  sciSend                               
0000da50  sciSendByte                           
0000d998  sciSetBaudrate                        
0000d978  sciSetFunctional                      
0000dfe0  scilinGetConfigValue                  
00008020  selftestFailNotification              
0000add0  setupFlash                            
0000acfc  setupPLL                              
000121a5  snprintf                              
00011124  spiEndNotification                    
00011110  spiNotification                       
0000b648  sramGetConfigValue                    
0000a5bc  stcGetConfigValue                     
000081b8  stcSelfCheck                          
00008df8  stcSelfCheckFail                      
00012301  strchr                                
00012317  strlen                                
0000b088  systemGetConfigValue                  
0000af8c  systemInit                            
0000b058  systemPowerDown                       
0000b49c  tcmflashGetConfigValue                
0000ad5c  trimLPO                               
08006198  ulCriticalNesting                     
00004c74  ulPortCountLeadingZeros               
0800619c  ulTaskHasFPUContext                   
000024bc  ulTaskNotifyTake                      
00010f64  uxListRemove                          
00003b8c  uxQueueMessagesWaiting                
00003c10  uxQueueMessagesWaitingFromISR         
00003bc4  uxQueueSpacesAvailable                
0000147c  uxTaskGetNumberOfTasks                
00002368  uxTaskGetStackHighWaterMark           
00000a78  uxTaskPriorityGet                     
00000abc  uxTaskPriorityGetFromISR              
00002480  uxTaskResetEventItemValue             
0000fa9c  vApplicationGetIdleTaskMemory         
0000486c  vEventGroupClearBitsCallback          
000047bc  vEventGroupDelete                     
00004850  vEventGroupSetBitsCallback            
00010db8  vListInitialise                       
00010e10  vListInitialiseItem                   
00010ea0  vListInsert                           
00010e2c  vListInsertEnd                        
00005150  vPortEndScheduler                     
000053d8  vPortFree                             
000054e8  vPortInitialiseBlocks                 
00004c68  vPortInitialiseFPSCR                  
00004b68  vPortPreemptiveTick                   
00004c7c  vPortSWI                              
000048f8  vPortStartFirstTask                   
00004eb8  vPortStoreTaskMPUSettings             
00004a74  vPortYeildWithinAPI                   
00004988  vPortYieldProcessor                   
00003c40  vQueueDelete                          
00002190  vTaskAllocateMPURegions               
000008f0  vTaskDelay                            
00000784  vTaskDelayUntil                       
0000061c  vTaskDelete                           
000011b8  vTaskEndScheduler                     
00002034  vTaskMissedYield                      
00002a74  vTaskNotifyGiveFromISR                
00001bfc  vTaskPlaceOnEventList                 
00001c40  vTaskPlaceOnUnorderedEventList        
00000b04  vTaskPrioritySet                      
00000f00  vTaskResume                           
000020c4  vTaskSetThreadLocalStoragePointer     
00001ebc  vTaskSetTimeOutState                  
000010c8  vTaskStartScheduler                   
000017a0  vTaskStepTick                         
00000cfc  vTaskSuspend                          
000011d4  vTaskSuspendAll                       
00001b1c  vTaskSwitchContext                    
0000c3d0  vimChannelMap                         
0000c63c  vimDisableInterrupt                   
0000c474  vimEnableInterrupt                    
0000c6e8  vimGetConfigValue                     
0000c2fc  vimInit                               
00008e00  vimParityCheck                        
000100ec  vimParityErrorHandler                 
0001232d  wcslen                                
00004558  xEventGroupClearBits                  
000040c0  xEventGroupCreate                     
00004064  xEventGroupCreateStatic               
000045dc  xEventGroupGetBitsFromISR             
0000460c  xEventGroupSetBits                    
00004108  xEventGroupSync                       
00004308  xEventGroupWaitBits                   
000054d0  xPortGetFreeHeapSize                  
000054dc  xPortGetMinimumEverFreeHeapSize       
0000512c  xPortStartScheduler                   
00002f98  xQueueGenericCreate                   
00002e44  xQueueGenericCreateStatic             
0000367c  xQueueGenericReceive                  
00002d1c  xQueueGenericReset                    
000030c0  xQueueGenericSend                     
00003380  xQueueGenericSendFromISR              
00003510  xQueueGiveFromISR                     
00003f88  xQueueIsQueueEmptyFromISR             
00004014  xQueueIsQueueFullFromISR              
00003a98  xQueuePeekFromISR                     
00003950  xQueueReceiveFromISR                  
000017f8  xTaskAbortDelay                       
00001efc  xTaskCheckForTimeOut                  
000001e8  xTaskCreate                           
0000010c  xTaskCreateRestricted                 
00000020  xTaskCreateStatic                     
000026a4  xTaskGenericNotify                    
00002874  xTaskGenericNotifyFromISR             
00001660  xTaskGetHandle                        
00001764  xTaskGetIdleTaskHandle                
00002430  xTaskGetSchedulerState                
0000143c  xTaskGetTickCount                     
00001458  xTaskGetTickCountFromISR              
000018f4  xTaskIncrementTick                    
00011614  xTaskNotifyStateClear                 
00002590  xTaskNotifyWait                       
00001cc4  xTaskRemoveFromEventList              
00001db8  xTaskRemoveFromUnorderedEventList     
0000128c  xTaskResumeAll                        
00000fe0  xTaskResumeFromISR                    


GLOBAL SYMBOLS: SORTED BY Symbol Address 

address   name                                  
-------   ----                                  
00000000  __TI_static_base__                    
00000000  resetEntry                            
00000020  xTaskCreateStatic                     
0000010c  xTaskCreateRestricted                 
000001e8  xTaskCreate                           
0000061c  vTaskDelete                           
00000784  vTaskDelayUntil                       
000008f0  vTaskDelay                            
00000974  eTaskGetState                         
00000a78  uxTaskPriorityGet                     
00000abc  uxTaskPriorityGetFromISR              
00000b04  vTaskPrioritySet                      
00000cfc  vTaskSuspend                          
00000f00  vTaskResume                           
00000fe0  xTaskResumeFromISR                    
000010c8  vTaskStartScheduler                   
000011b8  vTaskEndScheduler                     
000011d4  vTaskSuspendAll                       
0000128c  xTaskResumeAll                        
0000143c  xTaskGetTickCount                     
00001458  xTaskGetTickCountFromISR              
0000147c  uxTaskGetNumberOfTasks                
00001488  pcTaskGetName                         
00001660  xTaskGetHandle                        
00001764  xTaskGetIdleTaskHandle                
000017a0  vTaskStepTick                         
000017f8  xTaskAbortDelay                       
000018f4  xTaskIncrementTick                    
00001b1c  vTaskSwitchContext                    
00001bfc  vTaskPlaceOnEventList                 
00001c40  vTaskPlaceOnUnorderedEventList        
00001cc4  xTaskRemoveFromEventList              
00001db8  xTaskRemoveFromUnorderedEventList     
00001ebc  vTaskSetTimeOutState                  
00001efc  xTaskCheckForTimeOut                  
00002034  vTaskMissedYield                      
00002044  eTaskConfirmSleepModeStatus           
000020c4  vTaskSetThreadLocalStoragePointer     
00002124  pvTaskGetThreadLocalStoragePointer    
00002190  vTaskAllocateMPURegions               
00002368  uxTaskGetStackHighWaterMark           
00002430  xTaskGetSchedulerState                
00002480  uxTaskResetEventItemValue             
000024bc  ulTaskNotifyTake                      
00002590  xTaskNotifyWait                       
000026a4  xTaskGenericNotify                    
00002874  xTaskGenericNotifyFromISR             
00002a74  vTaskNotifyGiveFromISR                
00002d1c  xQueueGenericReset                    
00002e44  xQueueGenericCreateStatic             
00002f98  xQueueGenericCreate                   
000030c0  xQueueGenericSend                     
00003380  xQueueGenericSendFromISR              
00003510  xQueueGiveFromISR                     
0000367c  xQueueGenericReceive                  
00003950  xQueueReceiveFromISR                  
00003a98  xQueuePeekFromISR                     
00003b8c  uxQueueMessagesWaiting                
00003bc4  uxQueueSpacesAvailable                
00003c10  uxQueueMessagesWaitingFromISR         
00003c40  vQueueDelete                          
00003f88  xQueueIsQueueEmptyFromISR             
00004014  xQueueIsQueueFullFromISR              
00004064  xEventGroupCreateStatic               
000040c0  xEventGroupCreate                     
00004108  xEventGroupSync                       
00004308  xEventGroupWaitBits                   
00004558  xEventGroupClearBits                  
000045dc  xEventGroupGetBitsFromISR             
0000460c  xEventGroupSetBits                    
000047bc  vEventGroupDelete                     
00004850  vEventGroupSetBitsCallback            
0000486c  vEventGroupClearBitsCallback          
000048f8  vPortStartFirstTask                   
00004988  vPortYieldProcessor                   
00004a74  vPortYeildWithinAPI                   
00004b68  vPortPreemptiveTick                   
00004c68  vPortInitialiseFPSCR                  
00004c74  ulPortCountLeadingZeros               
00004c7c  vPortSWI                              
00004d4c  prvMpuSetRegion                       
00004d64  prvMpuEnable                          
00004d7c  prvMpuDisable                         
00004da4  pxPortInitialiseStack                 
00004eb8  vPortStoreTaskMPUSettings             
0000512c  xPortStartScheduler                   
00005150  vPortEndScheduler                     
00005184  pvPortMalloc                          
000053d8  vPortFree                             
000054d0  xPortGetFreeHeapSize                  
000054dc  xPortGetMinimumEverFreeHeapSize       
000054e8  vPortInitialiseBlocks                 
00005500  __TI_Handler_Table_Base               
0000550c  __TI_Handler_Table_Limit              
00005530  __TI_CINIT_Base                       
00005550  __TI_CINIT_Limit                      
00008020  selftestFailNotification              
00008030  ccmSelfCheck                          
00008174  memoryInit                            
000081b8  stcSelfCheck                          
00008234  cpuSelfTest                           
000082cc  pbistSelfCheck                        
000084ac  pbistRun                              
00008578  pbistStop                             
000085a8  pbistIsTestCompleted                  
000085d4  pbistIsTestPassed                     
00008608  pbistPortTestStatus                   
00008660  efcCheck                              
000086e8  efcStuckZeroTest                      
00008794  efcSelfTest                           
000087bc  checkefcSelfTest                      
0000885c  fmcBus2Check                          
00008898  fmcECCcheck                           
00008938  checkB0RAMECC                         
00008b28  checkB1RAMECC                         
00008d18  checkFlashECC                         
00008df4  custom_dabort                         
00008df8  stcSelfCheckFail                      
00008dfc  cpuSelfTestFail                       
00008e00  vimParityCheck                        
00008eac  dmaParityCheck                        
00008f58  het1ParityCheck                       
00009004  htu1ParityCheck                       
000090c0  het2ParityCheck                       
000091bc  htu2ParityCheck                       
0000926c  adc1ParityCheck                       
00009358  adc2ParityCheck                       
00009410  can1ParityCheck                       
000094e8  can2ParityCheck                       
000095b0  can3ParityCheck                       
00009684  mibspi1ParityCheck                    
0000978c  mibspi3ParityCheck                    
000098b0  mibspi5ParityCheck                    
000099d0  checkRAMECC                           
00009c18  checkClockMonitor                     
00009cf4  checkFlashEEPROMECC                   
00009e8c  checkPLL1Slip                         
00009f8c  checkPLL2Slip                         
0000a050  checkRAMAddrParity                    
0000a15c  checkRAMUERRTest                      
0000a2c4  fmcBus1ParityCheck                    
0000a3ec  pbistFail                             
0000a470  pbistGetConfigValue                   
0000a5bc  stcGetConfigValue                     
0000a660  efcGetConfigValue                     
0000a6fc  ccmr4GetConfigValue                   
0000a76c  errata_PBIST_4                        
0000aad0  enableParity                          
0000ab58  disableParity                         
0000acfc  setupPLL                              
0000ad5c  trimLPO                               
0000add0  setupFlash                            
0000ae10  periphInit                            
0000ae64  mapClocks                             
0000af8c  systemInit                            
0000b058  systemPowerDown                       
0000b088  systemGetConfigValue                  
0000b49c  tcmflashGetConfigValue                
0000b648  sramGetConfigValue                    
0000b784  customTrimLPO                         
0000b860  MPU_xTaskCreate                       
0000b8c4  MPU_xTaskCreateStatic                 
0000b930  MPU_xTaskCreateRestricted             
0000b974  MPU_vTaskAllocateMPURegions           
0000b9a8  MPU_vTaskDelete                       
0000b9d4  MPU_vTaskDelay                        
0000ba00  MPU_vTaskDelayUntil                   
0000ba34  MPU_xTaskAbortDelay                   
0000ba68  MPU_uxTaskPriorityGet                 
0000ba9c  MPU_eTaskGetState                     
0000bad0  MPU_vTaskPrioritySet                  
0000bb04  MPU_vTaskSuspend                      
0000bb30  MPU_vTaskResume                       
0000bb5c  MPU_vTaskSuspendAll                   
0000bb80  MPU_xTaskResumeAll                    
0000bbac  MPU_xTaskGetTickCount                 
0000bbd8  MPU_uxTaskGetNumberOfTasks            
0000bc04  MPU_pcTaskGetName                     
0000bc38  MPU_xTaskGetHandle                    
0000bc6c  MPU_uxTaskGetStackHighWaterMark       
0000bca0  MPU_vTaskSetThreadLocalStoragePointer 
0000bce4  MPU_pvTaskGetThreadLocalStoragePointer
0000bd28  MPU_xTaskGetIdleTaskHandle            
0000bd54  MPU_xTaskGenericNotify                
0000bda8  MPU_xTaskNotifyWait                   
0000bdfc  MPU_ulTaskNotifyTake                  
0000be40  MPU_xTaskNotifyStateClear             
0000be74  MPU_vTaskSetTimeOutState              
0000bea0  MPU_xTaskCheckForTimeOut              
0000bee4  MPU_xTaskGetSchedulerState            
0000bf10  MPU_xQueueGenericSend                 
0000bf64  MPU_xQueueGenericReceive              
0000bfb8  MPU_uxQueueMessagesWaiting            
0000bfec  MPU_uxQueueSpacesAvailable            
0000c020  MPU_vQueueDelete                      
0000c04c  MPU_xQueueGenericCreate               
0000c098  MPU_xQueueGenericCreateStatic         
0000c0f4  MPU_xQueueGenericReset                
0000c138  MPU_xEventGroupCreate                 
0000c164  MPU_xEventGroupCreateStatic           
0000c198  MPU_xEventGroupWaitBits               
0000c1f4  MPU_xEventGroupClearBits              
0000c238  MPU_xEventGroupSetBits                
0000c27c  MPU_xEventGroupSync                   
0000c2d0  MPU_vEventGroupDelete                 
0000c2fc  vimInit                               
0000c3d0  vimChannelMap                         
0000c474  vimEnableInterrupt                    
0000c63c  vimDisableInterrupt                   
0000c6e8  vimGetConfigValue                     
0000cd55  __TI_printfi                          
0000d7a4  sciInit                               
0000d978  sciSetFunctional                      
0000d998  sciSetBaudrate                        
0000da34  sciIsTxReady                          
0000da50  sciSendByte                           
0000da80  sciSend                               
0000dbb4  sciIsRxReady                          
0000dbd0  sciIsIdleDetected                     
0000dbec  sciRxError                            
0000dc1c  sciReceiveByte                        
0000dc48  sciReceive                            
0000dd20  sciEnableLoopback                     
0000dd54  sciDisableLoopback                    
0000dd78  sciEnableNotification                 
0000dde0  sciDisableNotification                
0000de48  sciEnterResetState                    
0000de68  sciExitResetState                     
0000de88  sciGetConfigValue                     
0000dfe0  scilinGetConfigValue                  
0000e1d0  muxInit                               
0000e66c  pinmuxGetConfigValue                  
0000ea84  _errata_SSWF021_45_both_plls          
0000ec78  _errata_SSWF021_45_pll1               
0000edf0  _errata_SSWF021_45_pll2               
0000f0e8  esmInit                               
0000f1f0  esmError                              
0000f20c  esmEnableError                        
0000f234  esmDisableError                       
0000f25c  esmTriggerErrorPinReset               
0000f26c  esmActivateNormalOperation            
0000f27c  esmEnableInterrupt                    
0000f2a4  esmDisableInterrupt                   
0000f2cc  esmSetInterruptLevel                  
0000f340  esmClearStatus                        
0000f380  esmClearStatusBuffer                  
0000f39c  esmSetCounterPreloadValue             
0000f3bc  esmGetStatus                          
0000f440  esmGetStatusBuffer                    
0000f478  esmEnterSelfTest                      
0000f500  esmSelfTestStatus                     
0000f550  esmGetConfigValue                     
0000f6a4  sciHighLevelInterrupt                 
0000f818  linHighLevelInterrupt                 
0000fa9c  vApplicationGetIdleTaskMemory         
0000fad8  sciNotification                       
0000fc70  main                                  
0000fda0  _coreInitRegisters_                   
0000feac  _coreInitStackPointer_                
0000fef8  _getCPSRValue_                        
0000ff00  _gotoCPUIdle_                         
0000ff18  _coreEnableVfp_                       
0000ff30  _coreEnableEventBusExport_            
0000ff40  _coreDisableEventBusExport_           
0000ff50  _coreEnableRamEcc_                    
0000ff60  _coreDisableRamEcc_                   
0000ff70  _coreEnableFlashEcc_                  
0000ff84  _coreDisableFlashEcc_                 
0000ff94  _coreEnableIrqVicOffset_              
0000ffa4  _coreGetDataFault_                    
0000ffac  _coreClearDataFault_                  
0000ffb8  _coreGetInstructionFault_             
0000ffc0  _coreClearInstructionFault_           
0000ffcc  _coreGetDataFaultAddress_             
0000ffd4  _coreClearDataFaultAddress_           
0000ffe0  _coreGetInstructionFaultAddress_      
0000ffe8  _coreClearInstructionFaultAddress_    
0000fff4  _coreGetAuxiliaryDataFault_           
0000fffc  _coreClearAuxiliaryDataFault_         
00010008  _coreGetAuxiliaryInstructionFault_    
00010010  _coreClearAuxiliaryInstructionFault_  
0001001c  _disable_interrupt_                   
00010024  _disable_FIQ_interrupt_               
0001002c  _disable_IRQ_interrupt_               
00010034  _enable_interrupt_                    
0001003c  _esmCcmErrorsClear_                   
000100c4  _errata_CORTEXR4_57_                  
000100d4  _errata_CORTEXR4_66_                  
000100e4  __TI_PINIT_Base                       
000100e8  __TI_PINIT_Limit                      
000100ec  vimParityErrorHandler                 
000103b8  __aeabi_uldivmod                      
00010670  _c_int00                              
00010db8  vListInitialise                       
00010e10  vListInitialiseItem                   
00010e2c  vListInsertEnd                        
00010ea0  vListInsert                           
00010f64  uxListRemove                          
00010ff0  esmGroup1Notification                 
00011000  esmGroup2Notification                 
00011010  memoryPort0TestFailNotification       
0001102c  memoryPort1TestFailNotification       
00011048  adcNotification                       
0001105c  canErrorNotification                  
00011070  canStatusChangeNotification           
00011084  canMessageNotification                
00011098  dccNotification                       
000110ac  gioNotification                       
000110c0  i2cNotification                       
000110d4  mibspiNotification                    
000110e8  mibspiGroupNotification               
00011110  spiNotification                       
00011124  spiEndNotification                    
00011134  pwmNotification                       
0001114c  edgeNotification                      
00011160  hetNotification                       
00011174  crcNotification                       
00011188  etpwmNotification                     
00011198  etpwmTripNotification                 
000111ac  eqepNotification                      
000111c0  ecapNotification                      
000111d4  dmaGroupANotification                 
00011614  xTaskNotifyStateClear                 
00011690  esmHighInterrupt                      
000119a5  ldexp                                 
000119a5  ldexpl                                
000119a5  scalbn                                
000119a5  scalbnl                               
00011a94  _dabort                               
00011b7d  floor                                 
00011b7d  floorl                                
00011c5c  _pmuInit_                             
00011ca8  _pmuEnableCountersGlobal_             
00011cb8  _pmuDisableCountersGlobal_            
00011cc8  _pmuResetCycleCounter_                
00011cd8  _pmuResetEventCounters_               
00011ce8  _pmuResetCounters_                    
00011cf8  _pmuStartCounters_                    
00011d00  _pmuStopCounters_                     
00011d08  _pmuSetCountEvent_                    
00011d14  _pmuGetCycleCount_                    
00011d1c  _pmuGetEventCount_                    
00011d28  _pmuGetOverflow_                      
00011deb  __aeabi_memcpy                        
00011deb  __aeabi_memcpy4                       
00011deb  __aeabi_memcpy8                       
00011deb  memcpy                                
00011f01  __aeabi_memclr                        
00011f01  __aeabi_memclr4                       
00011f01  __aeabi_memclr8                       
00011f03  __aeabi_memset                        
00011f03  __aeabi_memset4                       
00011f03  __aeabi_memset8                       
00011f09  memset                                
00011f7d  frexp                                 
00011f7d  frexpl                                
00011ff1  __TI_decompress_lzss                  
0001205d  __TI_ltoa                             
00012155  atoi                                  
000121a5  snprintf                              
000121f1  __TI_auto_init_nobinit_nopinit        
000122a5  memccpy                               
000122cb  copysign                              
000122cb  copysignl                             
00012301  strchr                                
00012317  strlen                                
0001232d  wcslen                                
0001233f  __TI_decompress_none                  
0001234d  __TI_zero_init                        
00012359  __aeabi_errno_addr                    
00012361  C$$EXIT                               
00012361  abort                                 
00012364  phantomInterrupt                      
00012368  handlePLLLockFail                     
0001256c  _ctypes_                              
080008d0  pxCurrentTCB                          
08001000  __start___llvm_prf_cnts               
08001000  __stop___llvm_prf_cnts                
08006198  ulCriticalNesting                     
0800619c  ulTaskHasFPUContext                   
080061a8  errno                                 
ffffffff  __TI_pprof_out_hndl                   
ffffffff  __TI_prof_data_size                   
ffffffff  __TI_prof_data_start                  
ffffffff  __binit__                             
ffffffff  __c_args__                            
ffffffff  binit                                 
UNDEFED   SHT$$INIT_ARRAY$$Base                 
UNDEFED   SHT$$INIT_ARRAY$$Limit                
UNDEFED   _system_post_cinit                    

[390 symbols]
