******************************************************************************
                  TI ARM Linker PC v20.2.5                     
******************************************************************************
>> Linked Sat Sep 18 21:54:47 2021

OUTPUT FILE NAME:   <TMS570_FreeRtos_Demo.out>
ENTRY POINT SYMBOL: "_c_int00"  address: 0001068c


MEMORY CONFIGURATION

         name            origin    length      used     unused   attr    fill
----------------------  --------  ---------  --------  --------  ----  --------
  VECTORS               00000000   00000020  00000020  00000000     X
  KERNEL                00000020   00008000  00005530  00002ad0  R  X
  FLASH0                00008020   00137fe0  0000a669  0012d977  R  X
  STACKS                08000000   00000800  00000000  00000800  RW  
  KRAM                  08000800   00000800  00000104  000006fc  RW  
  RAM                   08001000   0002f000  000051ac  00029e54  RW  


SEGMENT ALLOCATION MAP

run origin  load origin   length   init length attrs members
----------  ----------- ---------- ----------- ----- -------
00000000    00000000    00005550   00005550    r-x
  00000000    00000000    00000020   00000020    r-x .intvecs
  00000020    00000020    000054e0   000054e0    r-x .kernelTEXT
  00005500    00005500    00000050   00000050    r-- .cinit
00008020    00008020    0000a669   0000a669    r-x
  00008020    00008020    0000a368   0000a368    r-x .text
  00012388    00012388    00000301   00000301    r-- .const
08000800    08000800    00000104   00000000    rw-
  08000800    08000800    00000104   00000000    rw- .kernelBSS
08001000    08001000    000051ac   00000000    rw-
  08001000    08001000    00003188   00000000    rw- .bss
  08004188    08004188    00002000   00000000    rw- .kernelHEAP
  08006188    08006188    00000024   00000000    rw- .data


SECTION ALLOCATION MAP

 output                                  attributes/
section   page    origin      length       input sections
--------  ----  ----------  ----------   ----------------
.intvecs   0    00000000    00000020     
                  00000000    00000020     sys_intvecs.obj (.intvecs)

.kernelTEXT 
*          0    00000020    000054e0     
                  00000020    00002cfc     os_tasks.obj (.kernelTEXT)
                  00002d1c    00001348     os_queue.obj (.kernelTEXT)
                  00004064    00000890     os_event_groups.obj (.kernelTEXT)
                  000048f4    000004b0     os_portasm.obj (.kernelTEXT)
                  00004da4    000003e0     os_port.obj (.kernelTEXT)
                  00005184    0000037c     os_heap.obj (.kernelTEXT)

.cinit     0    00005500    00000050     
                  00005500    0000000c     (__TI_handler_table)
                  0000550c    0000000b     (.cinit..data.load) [load image, compression = lzss]
                  00005517    00000009     (.cinit..kernelBSS.load) [load image, compression = lzss]
                  00005520    00000008     (.cinit..bss.load) [load image, compression = zero_init]
                  00005528    00000008     (.cinit..kernelHEAP.load) [load image, compression = zero_init]
                  00005530    00000020     (__TI_cinit_table)

.text      0    00008020    0000a368     
                  00008020    00002cdc     sys_selftest.obj (.text)
                  0000acfc    00000b64     system.obj (.text)
                  0000b860    00000a9c     os_mpu_wrappers.obj (.text)
                  0000c2fc    00000a58     sys_vim.obj (.text)
                  0000cd54    00000a4e     rtsv7R4_T_be_v3D16_eabi.lib : _printfi.c.obj (.text:__TI_printfi)
                  0000d7a2    00000002     --HOLE-- [fill = 0]
                  0000d7a4    00000a2c     sci.obj (.text)
                  0000e1d0    000008b4     pinmux.obj (.text)
                  0000ea84    00000664     errata_SSWF021_45.obj (.text)
                  0000f0e8    000005bc     esm.obj (.text)
                  0000f6a4    00000398     sci.obj (.text:retain)
                  0000fa3c    00000380     sys_main.obj (.text)
                  0000fdbc    0000034c     sys_core.obj (.text)
                  00010108    000002cc     sys_vim.obj (.text:retain)
                  000103d4    000002b8     rtsv7R4_T_be_v3D16_eabi.lib : ull_div32.asm.obj (.text)
                  0001068c    00000288     sys_startup.obj (.text:retain)
                  00010914    00000278     os_heap.obj (.text)
                  00010b8c    00000248     rtsv7R4_T_be_v3D16_eabi.lib : _printfi.c.obj (.text:_pconv_a)
                  00010dd4    00000238     os_list.obj (.text)
                  0001100c    000001f8     notification.obj (.text)
                  00011204    000001b0     os_port.obj (.text)
                  000113b4    000001a0     rtsv7R4_T_be_v3D16_eabi.lib : _printfi.c.obj (.text:_pconv_g)
                  00011554    00000158     os_tasks.obj (.text)
                  000116ac    00000114     esm.obj (.text:retain)
                  000117c0    00000104     rtsv7R4_T_be_v3D16_eabi.lib : _printfi.c.obj (.text:_pconv_e)
                  000118c4    000000fc                                 : _printfi.c.obj (.text:fcvt)
                  000119c0    000000f0                                 : s_scalbn.c.obj (.text:scalbn)
                  00011ab0    000000e8     dabort.obj (.text)
                  00011b98    000000e0     rtsv7R4_T_be_v3D16_eabi.lib : s_floor.c.obj (.text:floor)
                  00011c78    000000e0     sys_pmu.obj (.text)
                  00011d58    000000ad     rtsv7R4_T_be_v3D16_eabi.lib : _printfi.c.obj (.text:_ltostr)
                  00011e05    00000001     --HOLE-- [fill = 0]
                  00011e06    0000009c                                 : memcpy_t2.asm.obj (.text)
                  00011ea2    0000007a                                 : _printfi.c.obj (.text:_mcpy)
                  00011f1c    0000007a                                 : memset_t2.asm.obj (.text)
                  00011f96    00000002     --HOLE-- [fill = 0]
                  00011f98    00000074                                 : s_frexp.c.obj (.text:frexp)
                  0001200c    0000006c                                 : copy_decompress_lzss.c.obj (.text:decompress:lzss:__TI_decompress_lzss)
                  00012078    00000054                                 : _ltoa.c.obj (.text:__TI_ltoa)
                  000120cc    00000054                                 : _printfi.c.obj (.text:_ecpy)
                  00012120    00000050                                 : _printfi.c.obj (.text:_pconv_f)
                  00012170    00000050                                 : atoi.c.obj (.text:atoi)
                  000121c0    0000004c                                 : snprintf.c.obj (.text:snprintf)
                  0001220c    00000044                                 : autoinit.c.obj (.text:__TI_auto_init_nobinit_nopinit:__TI_auto_init_nobinit_nopinit)
                  00012250    00000040                                 : _printfi.c.obj (.text:_fcpy)
                  00012290    00000030                                 : snprintf.c.obj (.text:_outs)
                  000122c0    00000026                                 : memccpy.c.obj (.text:memccpy)
                  000122e6    0000001e                                 : s_copysign.c.obj (.text:copysign)
                  00012304    00000018                                 : snprintf.c.obj (.text:_outc)
                  0001231c    00000016                                 : strchr.c.obj (.text:strchr)
                  00012332    00000016                                 : strlen.c.obj (.text:strlen)
                  00012348    00000012                                 : wcslen.c.obj (.text:wcslen)
                  0001235a    0000000e                                 : copy_decompress_none.c.obj (.text:decompress:none:__TI_decompress_none)
                  00012368    0000000c                                 : copy_zero_init.c.obj (.text:decompress:ZI:__TI_zero_init)
                  00012374    00000008                                 : errno.c.obj (.text:__aeabi_errno_addr)
                  0001237c    00000004                                 : exit.c.obj (.text:abort:abort)
                  00012380    00000004     sys_phantom.obj (.text:retain)
                  00012384    00000004     sys_startup.obj (.text)

.const     0    00012388    00000301     
                  00012388    00000200     sys_vim.obj (.const:s_vim_init)
                  00012588    00000101     rtsv7R4_T_be_v3D16_eabi.lib : ctype.c.obj (.const:.string:_ctypes_)

.kernelBSS 
*          0    08000800    00000104     UNINITIALIZED
                  08000800    000000d0     os_tasks.obj (.kernelBSS:uninit)
                  080008d0    00000034     os_tasks.obj (.kernelBSS:init)

.bss       0    08001000    00003188     UNINITIALIZED
                  08001000    00000fa0     sys_main.obj (.bss:IdleStackBuffer)
                  08001fa0    00000fa0     sys_main.obj (.bss:rxStackBuffer)
                  08002f40    00000fa0     sys_main.obj (.bss:txStackBuffer)
                  08003ee0    000000a4     sys_main.obj (.bss:IdleTaskBuffer)
                  08003f84    000000a4     sys_main.obj (.bss:rxTaskBuffer)
                  08004028    000000a4     sys_main.obj (.bss:txTaskBuffer)
                  080040cc    00000048     sys_main.obj (.bss:sciRxSemBuffer)
                  08004114    00000040     sys_main.obj (.bss:rxBuff)
                  08004154    00000028     sci.obj (.bss:g_sciTransfer_t)
                  0800417c    00000008     os_heap.obj (.bss:xStart)
                  08004184    00000004     sys_main.obj (.bss)

.kernelHEAP 
*          0    08004188    00002000     UNINITIALIZED
                  08004188    00002000     os_heap.obj (.kernelHEAP)

.data      0    08006188    00000024     UNINITIALIZED
                  08006188    00000010     os_heap.obj (.data)
                  08006198    00000008     os_port.obj (.data)
                  080061a0    00000008     sys_main.obj (.data)
                  080061a8    00000004     rtsv7R4_T_be_v3D16_eabi.lib : errno.c.obj (.data)

__llvm_prf_cnts 
*          0    08001000    00000000     UNINITIALIZED

MODULE SUMMARY

       Module                       code    ro data   rw data
       ------                       ----    -------   -------
    .\source\
       sys_main.obj                 896     0         12640  
       os_tasks.obj                 11860   0         260    
       sys_selftest.obj             11484   0         0      
       os_heap.obj                  1524    0         8216   
       os_queue.obj                 4936    0         0      
       sys_vim.obj                  3364    512       0      
       sci.obj                      3524    0         40     
       system.obj                   2916    0         0      
       os_mpu_wrappers.obj          2716    0         0      
       pinmux.obj                   2228    0         0      
       os_event_groups.obj          2192    0         0      
       esm.obj                      1744    0         0      
       errata_SSWF021_45.obj        1636    0         0      
       os_port.obj                  1424    0         8      
       os_portasm.obj               1200    0         0      
       sys_core.obj                 844     0         0      
       sys_startup.obj              652     0         0      
       os_list.obj                  568     0         0      
       notification.obj             504     0         0      
       dabort.obj                   232     0         0      
       sys_pmu.obj                  224     0         0      
       sys_intvecs.obj              32      0         0      
       sys_phantom.obj              4       0         0      
    +--+----------------------------+-------+---------+---------+
       Total:                       56704   512       21164  
                                                             
    C:/ti/ccsv7/tools/compiler/ti-cgt-arm_20.2.5.LTS/lib/rtsv7R4_T_be_v3D16_eabi.lib
       _printfi.c.obj               4673    0         0      
       ull_div32.asm.obj            696     0         0      
       ctype.c.obj                  0       257       0      
       s_scalbn.c.obj               240     0         0      
       s_floor.c.obj                224     0         0      
       memcpy_t2.asm.obj            156     0         0      
       snprintf.c.obj               148     0         0      
       memset_t2.asm.obj            122     0         0      
       s_frexp.c.obj                116     0         0      
       copy_decompress_lzss.c.obj   108     0         0      
       _ltoa.c.obj                  84      0         0      
       atoi.c.obj                   80      0         0      
       autoinit.c.obj               68      0         0      
       memccpy.c.obj                38      0         0      
       s_copysign.c.obj             30      0         0      
       strchr.c.obj                 22      0         0      
       strlen.c.obj                 22      0         0      
       wcslen.c.obj                 18      0         0      
       copy_decompress_none.c.obj   14      0         0      
       copy_zero_init.c.obj         12      0         0      
       errno.c.obj                  8       0         4      
       exit.c.obj                   4       0         0      
    +--+----------------------------+-------+---------+---------+
       Total:                       6883    257       4      
                                                             
       Linker Generated:            0       80        0      
    +--+----------------------------+-------+---------+---------+
       Grand Total:                 63587   849       21168  


LINKER GENERATED COPY TABLES

__TI_cinit_table @ 00005530 records: 4, size/record: 8, table size: 32
	.data: load addr=0000550c, load size=0000000b bytes, run addr=08006188, run size=00000024 bytes, compression=lzss
	.kernelBSS: load addr=00005517, load size=00000009 bytes, run addr=08000800, run size=00000104 bytes, compression=lzss
	.bss: load addr=00005520, load size=00000008 bytes, run addr=08001000, run size=00003188 bytes, compression=zero_init
	.kernelHEAP: load addr=00005528, load size=00000008 bytes, run addr=08004188, run size=00002000 bytes, compression=zero_init


LINKER GENERATED HANDLER TABLE

__TI_handler_table @ 00005500 records: 3, size/record: 4, table size: 12
	index: 0, handler: __TI_decompress_lzss
	index: 1, handler: __TI_decompress_none
	index: 2, handler: __TI_zero_init


GLOBAL SYMBOLS: SORTED ALPHABETICALLY BY Name 

address   name                                  
-------   ----                                  
0001237d  C$$EXIT                               
0000ba9c  MPU_eTaskGetState                     
0000bc04  MPU_pcTaskGetName                     
0000bce4  MPU_pvTaskGetThreadLocalStoragePointer
0000bdfc  MPU_ulTaskNotifyTake                  
0000bfb8  MPU_uxQueueMessagesWaiting            
0000bfec  MPU_uxQueueSpacesAvailable            
0000bbd8  MPU_uxTaskGetNumberOfTasks            
0000bc6c  MPU_uxTaskGetStackHighWaterMark       
0000ba68  MPU_uxTaskPriorityGet                 
0000c2d0  MPU_vEventGroupDelete                 
0000c020  MPU_vQueueDelete                      
0000b974  MPU_vTaskAllocateMPURegions           
0000b9d4  MPU_vTaskDelay                        
0000ba00  MPU_vTaskDelayUntil                   
0000b9a8  MPU_vTaskDelete                       
0000bad0  MPU_vTaskPrioritySet                  
0000bb30  MPU_vTaskResume                       
0000bca0  MPU_vTaskSetThreadLocalStoragePointer 
0000be74  MPU_vTaskSetTimeOutState              
0000bb04  MPU_vTaskSuspend                      
0000bb5c  MPU_vTaskSuspendAll                   
0000c1f4  MPU_xEventGroupClearBits              
0000c138  MPU_xEventGroupCreate                 
0000c164  MPU_xEventGroupCreateStatic           
0000c238  MPU_xEventGroupSetBits                
0000c27c  MPU_xEventGroupSync                   
0000c198  MPU_xEventGroupWaitBits               
0000c04c  MPU_xQueueGenericCreate               
0000c098  MPU_xQueueGenericCreateStatic         
0000bf64  MPU_xQueueGenericReceive              
0000c0f4  MPU_xQueueGenericReset                
0000bf10  MPU_xQueueGenericSend                 
0000ba34  MPU_xTaskAbortDelay                   
0000bea0  MPU_xTaskCheckForTimeOut              
0000b860  MPU_xTaskCreate                       
0000b930  MPU_xTaskCreateRestricted             
0000b8c4  MPU_xTaskCreateStatic                 
0000bd54  MPU_xTaskGenericNotify                
0000bc38  MPU_xTaskGetHandle                    
0000bd28  MPU_xTaskGetIdleTaskHandle            
0000bee4  MPU_xTaskGetSchedulerState            
0000bbac  MPU_xTaskGetTickCount                 
0000be40  MPU_xTaskNotifyStateClear             
0000bda8  MPU_xTaskNotifyWait                   
0000bb80  MPU_xTaskResumeAll                    
UNDEFED   SHT$$INIT_ARRAY$$Base                 
UNDEFED   SHT$$INIT_ARRAY$$Limit                
00005530  __TI_CINIT_Base                       
00005550  __TI_CINIT_Limit                      
00005500  __TI_Handler_Table_Base               
0000550c  __TI_Handler_Table_Limit              
00010100  __TI_PINIT_Base                       
00010104  __TI_PINIT_Limit                      
0001220d  __TI_auto_init_nobinit_nopinit        
0001200d  __TI_decompress_lzss                  
0001235b  __TI_decompress_none                  
00012079  __TI_ltoa                             
ffffffff  __TI_pprof_out_hndl                   
0000cd55  __TI_printfi                          
ffffffff  __TI_prof_data_size                   
ffffffff  __TI_prof_data_start                  
00000000  __TI_static_base__                    
00012369  __TI_zero_init                        
00012375  __aeabi_errno_addr                    
00011f1d  __aeabi_memclr                        
00011f1d  __aeabi_memclr4                       
00011f1d  __aeabi_memclr8                       
00011e07  __aeabi_memcpy                        
00011e07  __aeabi_memcpy4                       
00011e07  __aeabi_memcpy8                       
00011f1f  __aeabi_memset                        
00011f1f  __aeabi_memset4                       
00011f1f  __aeabi_memset8                       
000103d4  __aeabi_uldivmod                      
ffffffff  __binit__                             
ffffffff  __c_args__                            
08001000  __start___llvm_prf_cnts               
08001000  __stop___llvm_prf_cnts                
0001068c  _c_int00                              
00010018  _coreClearAuxiliaryDataFault_         
0001002c  _coreClearAuxiliaryInstructionFault_  
0000fff0  _coreClearDataFaultAddress_           
0000ffc8  _coreClearDataFault_                  
00010004  _coreClearInstructionFaultAddress_    
0000ffdc  _coreClearInstructionFault_           
0000ff5c  _coreDisableEventBusExport_           
0000ffa0  _coreDisableFlashEcc_                 
0000ff7c  _coreDisableRamEcc_                   
0000ff4c  _coreEnableEventBusExport_            
0000ff8c  _coreEnableFlashEcc_                  
0000ffb0  _coreEnableIrqVicOffset_              
0000ff6c  _coreEnableRamEcc_                    
0000ff34  _coreEnableVfp_                       
00010010  _coreGetAuxiliaryDataFault_           
00010024  _coreGetAuxiliaryInstructionFault_    
0000ffe8  _coreGetDataFaultAddress_             
0000ffc0  _coreGetDataFault_                    
0000fffc  _coreGetInstructionFaultAddress_      
0000ffd4  _coreGetInstructionFault_             
0000fdbc  _coreInitRegisters_                   
0000fec8  _coreInitStackPointer_                
00012588  _ctypes_                              
00011ab0  _dabort                               
00010040  _disable_FIQ_interrupt_               
00010048  _disable_IRQ_interrupt_               
00010038  _disable_interrupt_                   
00010050  _enable_interrupt_                    
000100e0  _errata_CORTEXR4_57_                  
000100f0  _errata_CORTEXR4_66_                  
0000ea84  _errata_SSWF021_45_both_plls          
0000ec78  _errata_SSWF021_45_pll1               
0000edf0  _errata_SSWF021_45_pll2               
00010058  _esmCcmErrorsClear_                   
0000ff14  _getCPSRValue_                        
0000ff1c  _gotoCPUIdle_                         
00011cd4  _pmuDisableCountersGlobal_            
00011cc4  _pmuEnableCountersGlobal_             
00011d30  _pmuGetCycleCount_                    
00011d38  _pmuGetEventCount_                    
00011d44  _pmuGetOverflow_                      
00011c78  _pmuInit_                             
00011d04  _pmuResetCounters_                    
00011ce4  _pmuResetCycleCounter_                
00011cf4  _pmuResetEventCounters_               
00011d24  _pmuSetCountEvent_                    
00011d14  _pmuStartCounters_                    
00011d1c  _pmuStopCounters_                     
UNDEFED   _system_post_cinit                    
0001237d  abort                                 
0000926c  adc1ParityCheck                       
00009358  adc2ParityCheck                       
00011064  adcNotification                       
00012171  atoi                                  
ffffffff  binit                                 
00009410  can1ParityCheck                       
000094e8  can2ParityCheck                       
000095b0  can3ParityCheck                       
00011078  canErrorNotification                  
000110a0  canMessageNotification                
0001108c  canStatusChangeNotification           
00008030  ccmSelfCheck                          
0000a6fc  ccmr4GetConfigValue                   
00008938  checkB0RAMECC                         
00008b28  checkB1RAMECC                         
00009c18  checkClockMonitor                     
00008d18  checkFlashECC                         
00009cf4  checkFlashEEPROMECC                   
00009e8c  checkPLL1Slip                         
00009f8c  checkPLL2Slip                         
0000a050  checkRAMAddrParity                    
000099d0  checkRAMECC                           
0000a15c  checkRAMUERRTest                      
000087bc  checkefcSelfTest                      
000122e7  copysign                              
000122e7  copysignl                             
00008234  cpuSelfTest                           
00008dfc  cpuSelfTestFail                       
00011190  crcNotification                       
0000b784  customTrimLPO                         
00008df4  custom_dabort                         
000110b4  dccNotification                       
0000ab58  disableParity                         
000111f0  dmaGroupANotification                 
00008eac  dmaParityCheck                        
00002044  eTaskConfirmSleepModeStatus           
00000974  eTaskGetState                         
000111dc  ecapNotification                      
00011168  edgeNotification                      
00008660  efcCheck                              
0000a660  efcGetConfigValue                     
00008794  efcSelfTest                           
000086e8  efcStuckZeroTest                      
0000aad0  enableParity                          
000111c8  eqepNotification                      
0000a76c  errata_PBIST_4                        
080061a8  errno                                 
0000f26c  esmActivateNormalOperation            
0000f340  esmClearStatus                        
0000f380  esmClearStatusBuffer                  
0000f234  esmDisableError                       
0000f2a4  esmDisableInterrupt                   
0000f20c  esmEnableError                        
0000f27c  esmEnableInterrupt                    
0000f478  esmEnterSelfTest                      
0000f1f0  esmError                              
0000f550  esmGetConfigValue                     
0000f3bc  esmGetStatus                          
0000f440  esmGetStatusBuffer                    
0001100c  esmGroup1Notification                 
0001101c  esmGroup2Notification                 
000116ac  esmHighInterrupt                      
0000f0e8  esmInit                               
0000f500  esmSelfTestStatus                     
0000f39c  esmSetCounterPreloadValue             
0000f2cc  esmSetInterruptLevel                  
0000f25c  esmTriggerErrorPinReset               
000111a4  etpwmNotification                     
000111b4  etpwmTripNotification                 
00011b99  floor                                 
00011b99  floorl                                
0000a2c4  fmcBus1ParityCheck                    
0000885c  fmcBus2Check                          
00008898  fmcECCcheck                           
00011f99  frexp                                 
00011f99  frexpl                                
000110c8  gioNotification                       
00012384  handlePLLLockFail                     
00008f58  het1ParityCheck                       
000090c0  het2ParityCheck                       
0001117c  hetNotification                       
00009004  htu1ParityCheck                       
000091bc  htu2ParityCheck                       
000110dc  i2cNotification                       
000119c1  ldexp                                 
000119c1  ldexpl                                
0000f818  linHighLevelInterrupt                 
0000fc70  main                                  
0000ae64  mapClocks                             
000122c1  memccpy                               
00011e07  memcpy                                
00008174  memoryInit                            
0001102c  memoryPort0TestFailNotification       
00011048  memoryPort1TestFailNotification       
00011f25  memset                                
00009684  mibspi1ParityCheck                    
0000978c  mibspi3ParityCheck                    
000098b0  mibspi5ParityCheck                    
00011104  mibspiGroupNotification               
000110f0  mibspiNotification                    
0000e1d0  muxInit                               
0000a3ec  pbistFail                             
0000a470  pbistGetConfigValue                   
000085a8  pbistIsTestCompleted                  
000085d4  pbistIsTestPassed                     
00008608  pbistPortTestStatus                   
000084ac  pbistRun                              
000082cc  pbistSelfCheck                        
00008578  pbistStop                             
00001488  pcTaskGetName                         
0000ae10  periphInit                            
00012380  phantomInterrupt                      
0000e66c  pinmuxGetConfigValue                  
00004d7c  prvMpuDisable                         
00004d64  prvMpuEnable                          
00004d4c  prvMpuSetRegion                       
00005184  pvPortMalloc                          
00002124  pvTaskGetThreadLocalStoragePointer    
00011150  pwmNotification                       
080008d0  pxCurrentTCB                          
00004da4  pxPortInitialiseStack                 
00000000  resetEntry                            
000119c1  scalbn                                
000119c1  scalbnl                               
0000dd54  sciDisableLoopback                    
0000dde0  sciDisableNotification                
0000dd20  sciEnableLoopback                     
0000dd78  sciEnableNotification                 
0000de48  sciEnterResetState                    
0000de68  sciExitResetState                     
0000de88  sciGetConfigValue                     
0000f6a4  sciHighLevelInterrupt                 
0000d7a4  sciInit                               
0000dbd0  sciIsIdleDetected                     
0000dbb4  sciIsRxReady                          
0000da34  sciIsTxReady                          
0000fad8  sciNotification                       
0000dc48  sciReceive                            
0000dc1c  sciReceiveByte                        
0000dbec  sciRxError                            
0000da80  sciSend                               
0000da50  sciSendByte                           
0000d998  sciSetBaudrate                        
0000d978  sciSetFunctional                      
0000dfe0  scilinGetConfigValue                  
00008020  selftestFailNotification              
0000add0  setupFlash                            
0000acfc  setupPLL                              
000121c1  snprintf                              
00011140  spiEndNotification                    
0001112c  spiNotification                       
0000b648  sramGetConfigValue                    
0000a5bc  stcGetConfigValue                     
000081b8  stcSelfCheck                          
00008df8  stcSelfCheckFail                      
0001231d  strchr                                
00012333  strlen                                
0000b088  systemGetConfigValue                  
0000af8c  systemInit                            
0000b058  systemPowerDown                       
0000b49c  tcmflashGetConfigValue                
0000ad5c  trimLPO                               
08006198  ulCriticalNesting                     
00004c74  ulPortCountLeadingZeros               
0800619c  ulTaskHasFPUContext                   
000024bc  ulTaskNotifyTake                      
00010f80  uxListRemove                          
00003b8c  uxQueueMessagesWaiting                
00003c10  uxQueueMessagesWaitingFromISR         
00003bc4  uxQueueSpacesAvailable                
0000147c  uxTaskGetNumberOfTasks                
00002368  uxTaskGetStackHighWaterMark           
00000a78  uxTaskPriorityGet                     
00000abc  uxTaskPriorityGetFromISR              
00002480  uxTaskResetEventItemValue             
0000fa9c  vApplicationGetIdleTaskMemory         
0000486c  vEventGroupClearBitsCallback          
000047bc  vEventGroupDelete                     
00004850  vEventGroupSetBitsCallback            
00010dd4  vListInitialise                       
00010e2c  vListInitialiseItem                   
00010ebc  vListInsert                           
00010e48  vListInsertEnd                        
00005150  vPortEndScheduler                     
000053d8  vPortFree                             
000054e8  vPortInitialiseBlocks                 
00004c68  vPortInitialiseFPSCR                  
00004b68  vPortPreemptiveTick                   
00004c7c  vPortSWI                              
000048f8  vPortStartFirstTask                   
00004eb8  vPortStoreTaskMPUSettings             
00004a74  vPortYeildWithinAPI                   
00004988  vPortYieldProcessor                   
00003c40  vQueueDelete                          
00002190  vTaskAllocateMPURegions               
000008f0  vTaskDelay                            
00000784  vTaskDelayUntil                       
0000061c  vTaskDelete                           
000011b8  vTaskEndScheduler                     
00002034  vTaskMissedYield                      
00002a74  vTaskNotifyGiveFromISR                
00001bfc  vTaskPlaceOnEventList                 
00001c40  vTaskPlaceOnUnorderedEventList        
00000b04  vTaskPrioritySet                      
00000f00  vTaskResume                           
000020c4  vTaskSetThreadLocalStoragePointer     
00001ebc  vTaskSetTimeOutState                  
000010c8  vTaskStartScheduler                   
000017a0  vTaskStepTick                         
00000cfc  vTaskSuspend                          
000011d4  vTaskSuspendAll                       
00001b1c  vTaskSwitchContext                    
0000c3d0  vimChannelMap                         
0000c63c  vimDisableInterrupt                   
0000c474  vimEnableInterrupt                    
0000c6e8  vimGetConfigValue                     
0000c2fc  vimInit                               
00008e00  vimParityCheck                        
00010108  vimParityErrorHandler                 
00012349  wcslen                                
00004558  xEventGroupClearBits                  
000040c0  xEventGroupCreate                     
00004064  xEventGroupCreateStatic               
000045dc  xEventGroupGetBitsFromISR             
0000460c  xEventGroupSetBits                    
00004108  xEventGroupSync                       
00004308  xEventGroupWaitBits                   
000054d0  xPortGetFreeHeapSize                  
000054dc  xPortGetMinimumEverFreeHeapSize       
0000512c  xPortStartScheduler                   
00002f98  xQueueGenericCreate                   
00002e44  xQueueGenericCreateStatic             
0000367c  xQueueGenericReceive                  
00002d1c  xQueueGenericReset                    
000030c0  xQueueGenericSend                     
00003380  xQueueGenericSendFromISR              
00003510  xQueueGiveFromISR                     
00003f88  xQueueIsQueueEmptyFromISR             
00004014  xQueueIsQueueFullFromISR              
00003a98  xQueuePeekFromISR                     
00003950  xQueueReceiveFromISR                  
000017f8  xTaskAbortDelay                       
00001efc  xTaskCheckForTimeOut                  
000001e8  xTaskCreate                           
0000010c  xTaskCreateRestricted                 
00000020  xTaskCreateStatic                     
000026a4  xTaskGenericNotify                    
00002874  xTaskGenericNotifyFromISR             
00001660  xTaskGetHandle                        
00001764  xTaskGetIdleTaskHandle                
00002430  xTaskGetSchedulerState                
0000143c  xTaskGetTickCount                     
00001458  xTaskGetTickCountFromISR              
000018f4  xTaskIncrementTick                    
00011630  xTaskNotifyStateClear                 
00002590  xTaskNotifyWait                       
00001cc4  xTaskRemoveFromEventList              
00001db8  xTaskRemoveFromUnorderedEventList     
0000128c  xTaskResumeAll                        
00000fe0  xTaskResumeFromISR                    


GLOBAL SYMBOLS: SORTED BY Symbol Address 

address   name                                  
-------   ----                                  
00000000  __TI_static_base__                    
00000000  resetEntry                            
00000020  xTaskCreateStatic                     
0000010c  xTaskCreateRestricted                 
000001e8  xTaskCreate                           
0000061c  vTaskDelete                           
00000784  vTaskDelayUntil                       
000008f0  vTaskDelay                            
00000974  eTaskGetState                         
00000a78  uxTaskPriorityGet                     
00000abc  uxTaskPriorityGetFromISR              
00000b04  vTaskPrioritySet                      
00000cfc  vTaskSuspend                          
00000f00  vTaskResume                           
00000fe0  xTaskResumeFromISR                    
000010c8  vTaskStartScheduler                   
000011b8  vTaskEndScheduler                     
000011d4  vTaskSuspendAll                       
0000128c  xTaskResumeAll                        
0000143c  xTaskGetTickCount                     
00001458  xTaskGetTickCountFromISR              
0000147c  uxTaskGetNumberOfTasks                
00001488  pcTaskGetName                         
00001660  xTaskGetHandle                        
00001764  xTaskGetIdleTaskHandle                
000017a0  vTaskStepTick                         
000017f8  xTaskAbortDelay                       
000018f4  xTaskIncrementTick                    
00001b1c  vTaskSwitchContext                    
00001bfc  vTaskPlaceOnEventList                 
00001c40  vTaskPlaceOnUnorderedEventList        
00001cc4  xTaskRemoveFromEventList              
00001db8  xTaskRemoveFromUnorderedEventList     
00001ebc  vTaskSetTimeOutState                  
00001efc  xTaskCheckForTimeOut                  
00002034  vTaskMissedYield                      
00002044  eTaskConfirmSleepModeStatus           
000020c4  vTaskSetThreadLocalStoragePointer     
00002124  pvTaskGetThreadLocalStoragePointer    
00002190  vTaskAllocateMPURegions               
00002368  uxTaskGetStackHighWaterMark           
00002430  xTaskGetSchedulerState                
00002480  uxTaskResetEventItemValue             
000024bc  ulTaskNotifyTake                      
00002590  xTaskNotifyWait                       
000026a4  xTaskGenericNotify                    
00002874  xTaskGenericNotifyFromISR             
00002a74  vTaskNotifyGiveFromISR                
00002d1c  xQueueGenericReset                    
00002e44  xQueueGenericCreateStatic             
00002f98  xQueueGenericCreate                   
000030c0  xQueueGenericSend                     
00003380  xQueueGenericSendFromISR              
00003510  xQueueGiveFromISR                     
0000367c  xQueueGenericReceive                  
00003950  xQueueReceiveFromISR                  
00003a98  xQueuePeekFromISR                     
00003b8c  uxQueueMessagesWaiting                
00003bc4  uxQueueSpacesAvailable                
00003c10  uxQueueMessagesWaitingFromISR         
00003c40  vQueueDelete                          
00003f88  xQueueIsQueueEmptyFromISR             
00004014  xQueueIsQueueFullFromISR              
00004064  xEventGroupCreateStatic               
000040c0  xEventGroupCreate                     
00004108  xEventGroupSync                       
00004308  xEventGroupWaitBits                   
00004558  xEventGroupClearBits                  
000045dc  xEventGroupGetBitsFromISR             
0000460c  xEventGroupSetBits                    
000047bc  vEventGroupDelete                     
00004850  vEventGroupSetBitsCallback            
0000486c  vEventGroupClearBitsCallback          
000048f8  vPortStartFirstTask                   
00004988  vPortYieldProcessor                   
00004a74  vPortYeildWithinAPI                   
00004b68  vPortPreemptiveTick                   
00004c68  vPortInitialiseFPSCR                  
00004c74  ulPortCountLeadingZeros               
00004c7c  vPortSWI                              
00004d4c  prvMpuSetRegion                       
00004d64  prvMpuEnable                          
00004d7c  prvMpuDisable                         
00004da4  pxPortInitialiseStack                 
00004eb8  vPortStoreTaskMPUSettings             
0000512c  xPortStartScheduler                   
00005150  vPortEndScheduler                     
00005184  pvPortMalloc                          
000053d8  vPortFree                             
000054d0  xPortGetFreeHeapSize                  
000054dc  xPortGetMinimumEverFreeHeapSize       
000054e8  vPortInitialiseBlocks                 
00005500  __TI_Handler_Table_Base               
0000550c  __TI_Handler_Table_Limit              
00005530  __TI_CINIT_Base                       
00005550  __TI_CINIT_Limit                      
00008020  selftestFailNotification              
00008030  ccmSelfCheck                          
00008174  memoryInit                            
000081b8  stcSelfCheck                          
00008234  cpuSelfTest                           
000082cc  pbistSelfCheck                        
000084ac  pbistRun                              
00008578  pbistStop                             
000085a8  pbistIsTestCompleted                  
000085d4  pbistIsTestPassed                     
00008608  pbistPortTestStatus                   
00008660  efcCheck                              
000086e8  efcStuckZeroTest                      
00008794  efcSelfTest                           
000087bc  checkefcSelfTest                      
0000885c  fmcBus2Check                          
00008898  fmcECCcheck                           
00008938  checkB0RAMECC                         
00008b28  checkB1RAMECC                         
00008d18  checkFlashECC                         
00008df4  custom_dabort                         
00008df8  stcSelfCheckFail                      
00008dfc  cpuSelfTestFail                       
00008e00  vimParityCheck                        
00008eac  dmaParityCheck                        
00008f58  het1ParityCheck                       
00009004  htu1ParityCheck                       
000090c0  het2ParityCheck                       
000091bc  htu2ParityCheck                       
0000926c  adc1ParityCheck                       
00009358  adc2ParityCheck                       
00009410  can1ParityCheck                       
000094e8  can2ParityCheck                       
000095b0  can3ParityCheck                       
00009684  mibspi1ParityCheck                    
0000978c  mibspi3ParityCheck                    
000098b0  mibspi5ParityCheck                    
000099d0  checkRAMECC                           
00009c18  checkClockMonitor                     
00009cf4  checkFlashEEPROMECC                   
00009e8c  checkPLL1Slip                         
00009f8c  checkPLL2Slip                         
0000a050  checkRAMAddrParity                    
0000a15c  checkRAMUERRTest                      
0000a2c4  fmcBus1ParityCheck                    
0000a3ec  pbistFail                             
0000a470  pbistGetConfigValue                   
0000a5bc  stcGetConfigValue                     
0000a660  efcGetConfigValue                     
0000a6fc  ccmr4GetConfigValue                   
0000a76c  errata_PBIST_4                        
0000aad0  enableParity                          
0000ab58  disableParity                         
0000acfc  setupPLL                              
0000ad5c  trimLPO                               
0000add0  setupFlash                            
0000ae10  periphInit                            
0000ae64  mapClocks                             
0000af8c  systemInit                            
0000b058  systemPowerDown                       
0000b088  systemGetConfigValue                  
0000b49c  tcmflashGetConfigValue                
0000b648  sramGetConfigValue                    
0000b784  customTrimLPO                         
0000b860  MPU_xTaskCreate                       
0000b8c4  MPU_xTaskCreateStatic                 
0000b930  MPU_xTaskCreateRestricted             
0000b974  MPU_vTaskAllocateMPURegions           
0000b9a8  MPU_vTaskDelete                       
0000b9d4  MPU_vTaskDelay                        
0000ba00  MPU_vTaskDelayUntil                   
0000ba34  MPU_xTaskAbortDelay                   
0000ba68  MPU_uxTaskPriorityGet                 
0000ba9c  MPU_eTaskGetState                     
0000bad0  MPU_vTaskPrioritySet                  
0000bb04  MPU_vTaskSuspend                      
0000bb30  MPU_vTaskResume                       
0000bb5c  MPU_vTaskSuspendAll                   
0000bb80  MPU_xTaskResumeAll                    
0000bbac  MPU_xTaskGetTickCount                 
0000bbd8  MPU_uxTaskGetNumberOfTasks            
0000bc04  MPU_pcTaskGetName                     
0000bc38  MPU_xTaskGetHandle                    
0000bc6c  MPU_uxTaskGetStackHighWaterMark       
0000bca0  MPU_vTaskSetThreadLocalStoragePointer 
0000bce4  MPU_pvTaskGetThreadLocalStoragePointer
0000bd28  MPU_xTaskGetIdleTaskHandle            
0000bd54  MPU_xTaskGenericNotify                
0000bda8  MPU_xTaskNotifyWait                   
0000bdfc  MPU_ulTaskNotifyTake                  
0000be40  MPU_xTaskNotifyStateClear             
0000be74  MPU_vTaskSetTimeOutState              
0000bea0  MPU_xTaskCheckForTimeOut              
0000bee4  MPU_xTaskGetSchedulerState            
0000bf10  MPU_xQueueGenericSend                 
0000bf64  MPU_xQueueGenericReceive              
0000bfb8  MPU_uxQueueMessagesWaiting            
0000bfec  MPU_uxQueueSpacesAvailable            
0000c020  MPU_vQueueDelete                      
0000c04c  MPU_xQueueGenericCreate               
0000c098  MPU_xQueueGenericCreateStatic         
0000c0f4  MPU_xQueueGenericReset                
0000c138  MPU_xEventGroupCreate                 
0000c164  MPU_xEventGroupCreateStatic           
0000c198  MPU_xEventGroupWaitBits               
0000c1f4  MPU_xEventGroupClearBits              
0000c238  MPU_xEventGroupSetBits                
0000c27c  MPU_xEventGroupSync                   
0000c2d0  MPU_vEventGroupDelete                 
0000c2fc  vimInit                               
0000c3d0  vimChannelMap                         
0000c474  vimEnableInterrupt                    
0000c63c  vimDisableInterrupt                   
0000c6e8  vimGetConfigValue                     
0000cd55  __TI_printfi                          
0000d7a4  sciInit                               
0000d978  sciSetFunctional                      
0000d998  sciSetBaudrate                        
0000da34  sciIsTxReady                          
0000da50  sciSendByte                           
0000da80  sciSend                               
0000dbb4  sciIsRxReady                          
0000dbd0  sciIsIdleDetected                     
0000dbec  sciRxError                            
0000dc1c  sciReceiveByte                        
0000dc48  sciReceive                            
0000dd20  sciEnableLoopback                     
0000dd54  sciDisableLoopback                    
0000dd78  sciEnableNotification                 
0000dde0  sciDisableNotification                
0000de48  sciEnterResetState                    
0000de68  sciExitResetState                     
0000de88  sciGetConfigValue                     
0000dfe0  scilinGetConfigValue                  
0000e1d0  muxInit                               
0000e66c  pinmuxGetConfigValue                  
0000ea84  _errata_SSWF021_45_both_plls          
0000ec78  _errata_SSWF021_45_pll1               
0000edf0  _errata_SSWF021_45_pll2               
0000f0e8  esmInit                               
0000f1f0  esmError                              
0000f20c  esmEnableError                        
0000f234  esmDisableError                       
0000f25c  esmTriggerErrorPinReset               
0000f26c  esmActivateNormalOperation            
0000f27c  esmEnableInterrupt                    
0000f2a4  esmDisableInterrupt                   
0000f2cc  esmSetInterruptLevel                  
0000f340  esmClearStatus                        
0000f380  esmClearStatusBuffer                  
0000f39c  esmSetCounterPreloadValue             
0000f3bc  esmGetStatus                          
0000f440  esmGetStatusBuffer                    
0000f478  esmEnterSelfTest                      
0000f500  esmSelfTestStatus                     
0000f550  esmGetConfigValue                     
0000f6a4  sciHighLevelInterrupt                 
0000f818  linHighLevelInterrupt                 
0000fa9c  vApplicationGetIdleTaskMemory         
0000fad8  sciNotification                       
0000fc70  main                                  
0000fdbc  _coreInitRegisters_                   
0000fec8  _coreInitStackPointer_                
0000ff14  _getCPSRValue_                        
0000ff1c  _gotoCPUIdle_                         
0000ff34  _coreEnableVfp_                       
0000ff4c  _coreEnableEventBusExport_            
0000ff5c  _coreDisableEventBusExport_           
0000ff6c  _coreEnableRamEcc_                    
0000ff7c  _coreDisableRamEcc_                   
0000ff8c  _coreEnableFlashEcc_                  
0000ffa0  _coreDisableFlashEcc_                 
0000ffb0  _coreEnableIrqVicOffset_              
0000ffc0  _coreGetDataFault_                    
0000ffc8  _coreClearDataFault_                  
0000ffd4  _coreGetInstructionFault_             
0000ffdc  _coreClearInstructionFault_           
0000ffe8  _coreGetDataFaultAddress_             
0000fff0  _coreClearDataFaultAddress_           
0000fffc  _coreGetInstructionFaultAddress_      
00010004  _coreClearInstructionFaultAddress_    
00010010  _coreGetAuxiliaryDataFault_           
00010018  _coreClearAuxiliaryDataFault_         
00010024  _coreGetAuxiliaryInstructionFault_    
0001002c  _coreClearAuxiliaryInstructionFault_  
00010038  _disable_interrupt_                   
00010040  _disable_FIQ_interrupt_               
00010048  _disable_IRQ_interrupt_               
00010050  _enable_interrupt_                    
00010058  _esmCcmErrorsClear_                   
000100e0  _errata_CORTEXR4_57_                  
000100f0  _errata_CORTEXR4_66_                  
00010100  __TI_PINIT_Base                       
00010104  __TI_PINIT_Limit                      
00010108  vimParityErrorHandler                 
000103d4  __aeabi_uldivmod                      
0001068c  _c_int00                              
00010dd4  vListInitialise                       
00010e2c  vListInitialiseItem                   
00010e48  vListInsertEnd                        
00010ebc  vListInsert                           
00010f80  uxListRemove                          
0001100c  esmGroup1Notification                 
0001101c  esmGroup2Notification                 
0001102c  memoryPort0TestFailNotification       
00011048  memoryPort1TestFailNotification       
00011064  adcNotification                       
00011078  canErrorNotification                  
0001108c  canStatusChangeNotification           
000110a0  canMessageNotification                
000110b4  dccNotification                       
000110c8  gioNotification                       
000110dc  i2cNotification                       
000110f0  mibspiNotification                    
00011104  mibspiGroupNotification               
0001112c  spiNotification                       
00011140  spiEndNotification                    
00011150  pwmNotification                       
00011168  edgeNotification                      
0001117c  hetNotification                       
00011190  crcNotification                       
000111a4  etpwmNotification                     
000111b4  etpwmTripNotification                 
000111c8  eqepNotification                      
000111dc  ecapNotification                      
000111f0  dmaGroupANotification                 
00011630  xTaskNotifyStateClear                 
000116ac  esmHighInterrupt                      
000119c1  ldexp                                 
000119c1  ldexpl                                
000119c1  scalbn                                
000119c1  scalbnl                               
00011ab0  _dabort                               
00011b99  floor                                 
00011b99  floorl                                
00011c78  _pmuInit_                             
00011cc4  _pmuEnableCountersGlobal_             
00011cd4  _pmuDisableCountersGlobal_            
00011ce4  _pmuResetCycleCounter_                
00011cf4  _pmuResetEventCounters_               
00011d04  _pmuResetCounters_                    
00011d14  _pmuStartCounters_                    
00011d1c  _pmuStopCounters_                     
00011d24  _pmuSetCountEvent_                    
00011d30  _pmuGetCycleCount_                    
00011d38  _pmuGetEventCount_                    
00011d44  _pmuGetOverflow_                      
00011e07  __aeabi_memcpy                        
00011e07  __aeabi_memcpy4                       
00011e07  __aeabi_memcpy8                       
00011e07  memcpy                                
00011f1d  __aeabi_memclr                        
00011f1d  __aeabi_memclr4                       
00011f1d  __aeabi_memclr8                       
00011f1f  __aeabi_memset                        
00011f1f  __aeabi_memset4                       
00011f1f  __aeabi_memset8                       
00011f25  memset                                
00011f99  frexp                                 
00011f99  frexpl                                
0001200d  __TI_decompress_lzss                  
00012079  __TI_ltoa                             
00012171  atoi                                  
000121c1  snprintf                              
0001220d  __TI_auto_init_nobinit_nopinit        
000122c1  memccpy                               
000122e7  copysign                              
000122e7  copysignl                             
0001231d  strchr                                
00012333  strlen                                
00012349  wcslen                                
0001235b  __TI_decompress_none                  
00012369  __TI_zero_init                        
00012375  __aeabi_errno_addr                    
0001237d  C$$EXIT                               
0001237d  abort                                 
00012380  phantomInterrupt                      
00012384  handlePLLLockFail                     
00012588  _ctypes_                              
080008d0  pxCurrentTCB                          
08001000  __start___llvm_prf_cnts               
08001000  __stop___llvm_prf_cnts                
08006198  ulCriticalNesting                     
0800619c  ulTaskHasFPUContext                   
080061a8  errno                                 
ffffffff  __TI_pprof_out_hndl                   
ffffffff  __TI_prof_data_size                   
ffffffff  __TI_prof_data_start                  
ffffffff  __binit__                             
ffffffff  __c_args__                            
ffffffff  binit                                 
UNDEFED   SHT$$INIT_ARRAY$$Base                 
UNDEFED   SHT$$INIT_ARRAY$$Limit                
UNDEFED   _system_post_cinit                    

[390 symbols]
