<?xml version="1.0" encoding="ISO-8859-1" ?>
<link_info>
   <banner>TI ARM Linker PC v20.2.5.LTS</banner>
   <copyright>Copyright (c) 1996-2018 Texas Instruments Incorporated</copyright>
   <link_time>0x61465042</link_time>
   <link_errors>0x0</link_errors>
   <output_file>TMS570_FreeRtos_Demo.out</output_file>
   <entry_point>
      <name>_c_int00</name>
      <address>0x10670</address>
   </entry_point>
   <input_file_list>
      <input_file id="fl-2">
         <path>.\source\</path>
         <kind>object</kind>
         <file>adc.obj</file>
         <name>adc.obj</name>
      </input_file>
      <input_file id="fl-3">
         <path>.\source\</path>
         <kind>object</kind>
         <file>can.obj</file>
         <name>can.obj</name>
      </input_file>
      <input_file id="fl-4">
         <path>.\source\</path>
         <kind>object</kind>
         <file>crc.obj</file>
         <name>crc.obj</name>
      </input_file>
      <input_file id="fl-5">
         <path>.\source\</path>
         <kind>object</kind>
         <file>dabort.obj</file>
         <name>dabort.obj</name>
      </input_file>
      <input_file id="fl-6">
         <path>.\source\</path>
         <kind>object</kind>
         <file>dcc.obj</file>
         <name>dcc.obj</name>
      </input_file>
      <input_file id="fl-7">
         <path>.\source\</path>
         <kind>object</kind>
         <file>ecap.obj</file>
         <name>ecap.obj</name>
      </input_file>
      <input_file id="fl-8">
         <path>.\source\</path>
         <kind>object</kind>
         <file>eqep.obj</file>
         <name>eqep.obj</name>
      </input_file>
      <input_file id="fl-9">
         <path>.\source\</path>
         <kind>object</kind>
         <file>errata_SSWF021_45.obj</file>
         <name>errata_SSWF021_45.obj</name>
      </input_file>
      <input_file id="fl-a">
         <path>.\source\</path>
         <kind>object</kind>
         <file>esm.obj</file>
         <name>esm.obj</name>
      </input_file>
      <input_file id="fl-b">
         <path>.\source\</path>
         <kind>object</kind>
         <file>etpwm.obj</file>
         <name>etpwm.obj</name>
      </input_file>
      <input_file id="fl-c">
         <path>.\source\</path>
         <kind>object</kind>
         <file>gio.obj</file>
         <name>gio.obj</name>
      </input_file>
      <input_file id="fl-d">
         <path>.\source\</path>
         <kind>object</kind>
         <file>het.obj</file>
         <name>het.obj</name>
      </input_file>
      <input_file id="fl-e">
         <path>.\source\</path>
         <kind>object</kind>
         <file>i2c.obj</file>
         <name>i2c.obj</name>
      </input_file>
      <input_file id="fl-f">
         <path>.\source\</path>
         <kind>object</kind>
         <file>mibspi.obj</file>
         <name>mibspi.obj</name>
      </input_file>
      <input_file id="fl-10">
         <path>.\source\</path>
         <kind>object</kind>
         <file>notification.obj</file>
         <name>notification.obj</name>
      </input_file>
      <input_file id="fl-11">
         <path>.\source\</path>
         <kind>object</kind>
         <file>os_croutine.obj</file>
         <name>os_croutine.obj</name>
      </input_file>
      <input_file id="fl-12">
         <path>.\source\</path>
         <kind>object</kind>
         <file>os_event_groups.obj</file>
         <name>os_event_groups.obj</name>
      </input_file>
      <input_file id="fl-13">
         <path>.\source\</path>
         <kind>object</kind>
         <file>os_heap.obj</file>
         <name>os_heap.obj</name>
      </input_file>
      <input_file id="fl-14">
         <path>.\source\</path>
         <kind>object</kind>
         <file>os_list.obj</file>
         <name>os_list.obj</name>
      </input_file>
      <input_file id="fl-15">
         <path>.\source\</path>
         <kind>object</kind>
         <file>os_mpu_wrappers.obj</file>
         <name>os_mpu_wrappers.obj</name>
      </input_file>
      <input_file id="fl-16">
         <path>.\source\</path>
         <kind>object</kind>
         <file>os_port.obj</file>
         <name>os_port.obj</name>
      </input_file>
      <input_file id="fl-17">
         <path>.\source\</path>
         <kind>object</kind>
         <file>os_portasm.obj</file>
         <name>os_portasm.obj</name>
      </input_file>
      <input_file id="fl-18">
         <path>.\source\</path>
         <kind>object</kind>
         <file>os_queue.obj</file>
         <name>os_queue.obj</name>
      </input_file>
      <input_file id="fl-19">
         <path>.\source\</path>
         <kind>object</kind>
         <file>os_tasks.obj</file>
         <name>os_tasks.obj</name>
      </input_file>
      <input_file id="fl-1a">
         <path>.\source\</path>
         <kind>object</kind>
         <file>os_timer.obj</file>
         <name>os_timer.obj</name>
      </input_file>
      <input_file id="fl-1b">
         <path>.\source\</path>
         <kind>object</kind>
         <file>pinmux.obj</file>
         <name>pinmux.obj</name>
      </input_file>
      <input_file id="fl-1c">
         <path>.\source\</path>
         <kind>object</kind>
         <file>sci.obj</file>
         <name>sci.obj</name>
      </input_file>
      <input_file id="fl-1d">
         <path>.\source\</path>
         <kind>object</kind>
         <file>spi.obj</file>
         <name>spi.obj</name>
      </input_file>
      <input_file id="fl-1e">
         <path>.\source\</path>
         <kind>object</kind>
         <file>sys_core.obj</file>
         <name>sys_core.obj</name>
      </input_file>
      <input_file id="fl-1f">
         <path>.\source\</path>
         <kind>object</kind>
         <file>sys_dma.obj</file>
         <name>sys_dma.obj</name>
      </input_file>
      <input_file id="fl-20">
         <path>.\source\</path>
         <kind>object</kind>
         <file>sys_intvecs.obj</file>
         <name>sys_intvecs.obj</name>
      </input_file>
      <input_file id="fl-21">
         <path>.\source\</path>
         <kind>object</kind>
         <file>sys_main.obj</file>
         <name>sys_main.obj</name>
      </input_file>
      <input_file id="fl-22">
         <path>.\source\</path>
         <kind>object</kind>
         <file>sys_mpu.obj</file>
         <name>sys_mpu.obj</name>
      </input_file>
      <input_file id="fl-23">
         <path>.\source\</path>
         <kind>object</kind>
         <file>sys_pcr.obj</file>
         <name>sys_pcr.obj</name>
      </input_file>
      <input_file id="fl-24">
         <path>.\source\</path>
         <kind>object</kind>
         <file>sys_phantom.obj</file>
         <name>sys_phantom.obj</name>
      </input_file>
      <input_file id="fl-25">
         <path>.\source\</path>
         <kind>object</kind>
         <file>sys_pmm.obj</file>
         <name>sys_pmm.obj</name>
      </input_file>
      <input_file id="fl-26">
         <path>.\source\</path>
         <kind>object</kind>
         <file>sys_pmu.obj</file>
         <name>sys_pmu.obj</name>
      </input_file>
      <input_file id="fl-27">
         <path>.\source\</path>
         <kind>object</kind>
         <file>sys_selftest.obj</file>
         <name>sys_selftest.obj</name>
      </input_file>
      <input_file id="fl-28">
         <path>.\source\</path>
         <kind>object</kind>
         <file>sys_startup.obj</file>
         <name>sys_startup.obj</name>
      </input_file>
      <input_file id="fl-29">
         <path>.\source\</path>
         <kind>object</kind>
         <file>sys_vim.obj</file>
         <name>sys_vim.obj</name>
      </input_file>
      <input_file id="fl-2a">
         <path>.\source\</path>
         <kind>object</kind>
         <file>system.obj</file>
         <name>system.obj</name>
      </input_file>
      <input_file id="fl-2e">
         <kind>object</kind>
         <file>&lt;internal&gt;</file>
         <name>&lt;internal&gt;</name>
      </input_file>
      <input_file id="fl-2f">
         <path>C:\ti\ccsv7\tools\compiler\ti-cgt-arm_20.2.5.LTS\lib\</path>
         <kind>archive</kind>
         <file>rtsv7R4_T_be_v3D16_eabi.lib</file>
         <name>snprintf.c.obj</name>
      </input_file>
      <input_file id="fl-30">
         <path>C:\ti\ccsv7\tools\compiler\ti-cgt-arm_20.2.5.LTS\lib\</path>
         <kind>archive</kind>
         <file>rtsv7R4_T_be_v3D16_eabi.lib</file>
         <name>s_floor.c.obj</name>
      </input_file>
      <input_file id="fl-31">
         <path>C:\ti\ccsv7\tools\compiler\ti-cgt-arm_20.2.5.LTS\lib\</path>
         <kind>archive</kind>
         <file>rtsv7R4_T_be_v3D16_eabi.lib</file>
         <name>memcpy_t2.asm.obj</name>
      </input_file>
      <input_file id="fl-32">
         <path>C:\ti\ccsv7\tools\compiler\ti-cgt-arm_20.2.5.LTS\lib\</path>
         <kind>archive</kind>
         <file>rtsv7R4_T_be_v3D16_eabi.lib</file>
         <name>u_div32.asm.obj</name>
      </input_file>
      <input_file id="fl-33">
         <path>C:\ti\ccsv7\tools\compiler\ti-cgt-arm_20.2.5.LTS\lib\</path>
         <kind>archive</kind>
         <file>rtsv7R4_T_be_v3D16_eabi.lib</file>
         <name>memset_t2.asm.obj</name>
      </input_file>
      <input_file id="fl-34">
         <path>C:\ti\ccsv7\tools\compiler\ti-cgt-arm_20.2.5.LTS\lib\</path>
         <kind>archive</kind>
         <file>rtsv7R4_T_be_v3D16_eabi.lib</file>
         <name>autoinit.c.obj</name>
      </input_file>
      <input_file id="fl-35">
         <path>C:\ti\ccsv7\tools\compiler\ti-cgt-arm_20.2.5.LTS\lib\</path>
         <kind>archive</kind>
         <file>rtsv7R4_T_be_v3D16_eabi.lib</file>
         <name>cpy_tbl.c.obj</name>
      </input_file>
      <input_file id="fl-36">
         <path>C:\ti\ccsv7\tools\compiler\ti-cgt-arm_20.2.5.LTS\lib\</path>
         <kind>archive</kind>
         <file>rtsv7R4_T_be_v3D16_eabi.lib</file>
         <name>copy_zero_init.c.obj</name>
      </input_file>
      <input_file id="fl-37">
         <path>C:\ti\ccsv7\tools\compiler\ti-cgt-arm_20.2.5.LTS\lib\</path>
         <kind>archive</kind>
         <file>rtsv7R4_T_be_v3D16_eabi.lib</file>
         <name>copy_decompress_none.c.obj</name>
      </input_file>
      <input_file id="fl-38">
         <path>C:\ti\ccsv7\tools\compiler\ti-cgt-arm_20.2.5.LTS\lib\</path>
         <kind>archive</kind>
         <file>rtsv7R4_T_be_v3D16_eabi.lib</file>
         <name>copy_decompress_lzss.c.obj</name>
      </input_file>
      <input_file id="fl-39">
         <path>C:\ti\ccsv7\tools\compiler\ti-cgt-arm_20.2.5.LTS\lib\</path>
         <kind>archive</kind>
         <file>rtsv7R4_T_be_v3D16_eabi.lib</file>
         <name>exit.c.obj</name>
      </input_file>
      <input_file id="fl-3a">
         <path>C:\ti\ccsv7\tools\compiler\ti-cgt-arm_20.2.5.LTS\lib\</path>
         <kind>archive</kind>
         <file>rtsv7R4_T_be_v3D16_eabi.lib</file>
         <name>_lock.c.obj</name>
      </input_file>
      <input_file id="fl-3b">
         <path>C:\ti\ccsv7\tools\compiler\ti-cgt-arm_20.2.5.LTS\lib\</path>
         <kind>archive</kind>
         <file>rtsv7R4_T_be_v3D16_eabi.lib</file>
         <name>strlen.c.obj</name>
      </input_file>
      <input_file id="fl-3c">
         <path>C:\ti\ccsv7\tools\compiler\ti-cgt-arm_20.2.5.LTS\lib\</path>
         <kind>archive</kind>
         <file>rtsv7R4_T_be_v3D16_eabi.lib</file>
         <name>_printfi.c.obj</name>
      </input_file>
      <input_file id="fl-3d">
         <path>C:\ti\ccsv7\tools\compiler\ti-cgt-arm_20.2.5.LTS\lib\</path>
         <kind>archive</kind>
         <file>rtsv7R4_T_be_v3D16_eabi.lib</file>
         <name>s_frexp.c.obj</name>
      </input_file>
      <input_file id="fl-3e">
         <path>C:\ti\ccsv7\tools\compiler\ti-cgt-arm_20.2.5.LTS\lib\</path>
         <kind>archive</kind>
         <file>rtsv7R4_T_be_v3D16_eabi.lib</file>
         <name>s_scalbn.c.obj</name>
      </input_file>
      <input_file id="fl-3f">
         <path>C:\ti\ccsv7\tools\compiler\ti-cgt-arm_20.2.5.LTS\lib\</path>
         <kind>archive</kind>
         <file>rtsv7R4_T_be_v3D16_eabi.lib</file>
         <name>wcslen.c.obj</name>
      </input_file>
      <input_file id="fl-40">
         <path>C:\ti\ccsv7\tools\compiler\ti-cgt-arm_20.2.5.LTS\lib\</path>
         <kind>archive</kind>
         <file>rtsv7R4_T_be_v3D16_eabi.lib</file>
         <name>div0.asm.obj</name>
      </input_file>
      <input_file id="fl-41">
         <path>C:\ti\ccsv7\tools\compiler\ti-cgt-arm_20.2.5.LTS\lib\</path>
         <kind>archive</kind>
         <file>rtsv7R4_T_be_v3D16_eabi.lib</file>
         <name>ull_div32.asm.obj</name>
      </input_file>
      <input_file id="fl-42">
         <path>C:\ti\ccsv7\tools\compiler\ti-cgt-arm_20.2.5.LTS\lib\</path>
         <kind>archive</kind>
         <file>rtsv7R4_T_be_v3D16_eabi.lib</file>
         <name>_ltoa.c.obj</name>
      </input_file>
      <input_file id="fl-43">
         <path>C:\ti\ccsv7\tools\compiler\ti-cgt-arm_20.2.5.LTS\lib\</path>
         <kind>archive</kind>
         <file>rtsv7R4_T_be_v3D16_eabi.lib</file>
         <name>atoi.c.obj</name>
      </input_file>
      <input_file id="fl-44">
         <path>C:\ti\ccsv7\tools\compiler\ti-cgt-arm_20.2.5.LTS\lib\</path>
         <kind>archive</kind>
         <file>rtsv7R4_T_be_v3D16_eabi.lib</file>
         <name>ctype.c.obj</name>
      </input_file>
      <input_file id="fl-45">
         <path>C:\ti\ccsv7\tools\compiler\ti-cgt-arm_20.2.5.LTS\lib\</path>
         <kind>archive</kind>
         <file>rtsv7R4_T_be_v3D16_eabi.lib</file>
         <name>memccpy.c.obj</name>
      </input_file>
      <input_file id="fl-46">
         <path>C:\ti\ccsv7\tools\compiler\ti-cgt-arm_20.2.5.LTS\lib\</path>
         <kind>archive</kind>
         <file>rtsv7R4_T_be_v3D16_eabi.lib</file>
         <name>strchr.c.obj</name>
      </input_file>
      <input_file id="fl-47">
         <path>C:\ti\ccsv7\tools\compiler\ti-cgt-arm_20.2.5.LTS\lib\</path>
         <kind>archive</kind>
         <file>rtsv7R4_T_be_v3D16_eabi.lib</file>
         <name>errno.c.obj</name>
      </input_file>
      <input_file id="fl-48">
         <path>C:\ti\ccsv7\tools\compiler\ti-cgt-arm_20.2.5.LTS\lib\</path>
         <kind>archive</kind>
         <file>rtsv7R4_T_be_v3D16_eabi.lib</file>
         <name>s_copysign.c.obj</name>
      </input_file>
   </input_file_list>
   <object_component_list>
      <object_component id="oc-33">
         <name>.intvecs</name>
         <load_address>0x0</load_address>
         <run_address>0x0</run_address>
         <size>0x20</size>
         <input_file_ref idref="fl-20"/>
      </object_component>
      <object_component id="oc-150">
         <name>.kernelTEXT</name>
         <load_address>0x20</load_address>
         <run_address>0x20</run_address>
         <size>0x2cfc</size>
         <input_file_ref idref="fl-19"/>
      </object_component>
      <object_component id="oc-138">
         <name>.kernelTEXT</name>
         <load_address>0x2d1c</load_address>
         <run_address>0x2d1c</run_address>
         <size>0x1348</size>
         <input_file_ref idref="fl-18"/>
      </object_component>
      <object_component id="oc-25a">
         <name>.kernelTEXT</name>
         <load_address>0x4064</load_address>
         <run_address>0x4064</run_address>
         <size>0x890</size>
         <input_file_ref idref="fl-12"/>
      </object_component>
      <object_component id="oc-a5">
         <name>.kernelTEXT</name>
         <load_address>0x48f4</load_address>
         <run_address>0x48f4</run_address>
         <size>0x4b0</size>
         <input_file_ref idref="fl-17"/>
      </object_component>
      <object_component id="oc-291">
         <name>.kernelTEXT</name>
         <load_address>0x4da4</load_address>
         <run_address>0x4da4</run_address>
         <size>0x3e0</size>
         <input_file_ref idref="fl-16"/>
      </object_component>
      <object_component id="oc-23d">
         <name>.kernelTEXT</name>
         <load_address>0x5184</load_address>
         <run_address>0x5184</run_address>
         <size>0x37c</size>
         <input_file_ref idref="fl-13"/>
      </object_component>
      <object_component id="oc-510">
         <name>__TI_handler_table</name>
         <load_address>0x5500</load_address>
         <run_address>0x5500</run_address>
         <size>0xc</size>
      </object_component>
      <object_component id="oc-515">
         <name>.cinit..data.load</name>
         <load_address>0x550c</load_address>
         <run_address>0x550c</run_address>
         <size>0xb</size>
      </object_component>
      <object_component id="oc-512">
         <name>.cinit..kernelBSS.load</name>
         <load_address>0x5517</load_address>
         <run_address>0x5517</run_address>
         <size>0x9</size>
      </object_component>
      <object_component id="oc-514">
         <name>.cinit..bss.load</name>
         <load_address>0x5520</load_address>
         <run_address>0x5520</run_address>
         <size>0x8</size>
      </object_component>
      <object_component id="oc-513">
         <name>.cinit..kernelHEAP.load</name>
         <load_address>0x5528</load_address>
         <run_address>0x5528</run_address>
         <size>0x8</size>
      </object_component>
      <object_component id="oc-511">
         <name>__TI_cinit_table</name>
         <load_address>0x5530</load_address>
         <run_address>0x5530</run_address>
         <size>0x20</size>
      </object_component>
      <object_component id="oc-84">
         <name>.text</name>
         <load_address>0x8020</load_address>
         <run_address>0x8020</run_address>
         <size>0x2cdc</size>
         <input_file_ref idref="fl-27"/>
      </object_component>
      <object_component id="oc-7e">
         <name>.text</name>
         <load_address>0xacfc</load_address>
         <run_address>0xacfc</run_address>
         <size>0xb64</size>
         <input_file_ref idref="fl-2a"/>
      </object_component>
      <object_component id="oc-13e">
         <name>.text</name>
         <load_address>0xb860</load_address>
         <run_address>0xb860</run_address>
         <size>0xa9c</size>
         <input_file_ref idref="fl-15"/>
      </object_component>
      <object_component id="oc-43">
         <name>.text</name>
         <load_address>0xc2fc</load_address>
         <run_address>0xc2fc</run_address>
         <size>0xa58</size>
         <input_file_ref idref="fl-29"/>
      </object_component>
      <object_component id="oc-26e">
         <name>.text:__TI_printfi</name>
         <load_address>0xcd54</load_address>
         <run_address>0xcd54</run_address>
         <size>0xa4e</size>
         <input_file_ref idref="fl-3c"/>
      </object_component>
      <object_component id="oc-132">
         <name>.text</name>
         <load_address>0xd7a4</load_address>
         <run_address>0xd7a4</run_address>
         <size>0xa2c</size>
         <input_file_ref idref="fl-1c"/>
      </object_component>
      <object_component id="oc-ec">
         <name>.text</name>
         <load_address>0xe1d0</load_address>
         <run_address>0xe1d0</run_address>
         <size>0x8b4</size>
         <input_file_ref idref="fl-1b"/>
      </object_component>
      <object_component id="oc-72">
         <name>.text</name>
         <load_address>0xea84</load_address>
         <run_address>0xea84</run_address>
         <size>0x664</size>
         <input_file_ref idref="fl-9"/>
      </object_component>
      <object_component id="oc-8a">
         <name>.text</name>
         <load_address>0xf0e8</load_address>
         <run_address>0xf0e8</run_address>
         <size>0x5bc</size>
         <input_file_ref idref="fl-a"/>
      </object_component>
      <object_component id="oc-2d">
         <name>.text:retain</name>
         <load_address>0xf6a4</load_address>
         <run_address>0xf6a4</run_address>
         <size>0x398</size>
         <input_file_ref idref="fl-1c"/>
      </object_component>
      <object_component id="oc-91">
         <name>.text</name>
         <load_address>0xfa3c</load_address>
         <run_address>0xfa3c</run_address>
         <size>0x364</size>
         <input_file_ref idref="fl-21"/>
      </object_component>
      <object_component id="oc-6d">
         <name>.text</name>
         <load_address>0xfda0</load_address>
         <run_address>0xfda0</run_address>
         <size>0x34c</size>
         <input_file_ref idref="fl-1e"/>
      </object_component>
      <object_component id="oc-3e">
         <name>.text:retain</name>
         <load_address>0x100ec</load_address>
         <run_address>0x100ec</run_address>
         <size>0x2cc</size>
         <input_file_ref idref="fl-29"/>
      </object_component>
      <object_component id="oc-42c">
         <name>.text</name>
         <load_address>0x103b8</load_address>
         <run_address>0x103b8</run_address>
         <size>0x2b8</size>
         <input_file_ref idref="fl-41"/>
      </object_component>
      <object_component id="oc-1e">
         <name>.text:retain</name>
         <load_address>0x10670</load_address>
         <run_address>0x10670</run_address>
         <size>0x288</size>
         <input_file_ref idref="fl-28"/>
      </object_component>
      <object_component id="oc-340">
         <name>.text</name>
         <load_address>0x108f8</load_address>
         <run_address>0x108f8</run_address>
         <size>0x278</size>
         <input_file_ref idref="fl-13"/>
      </object_component>
      <object_component id="oc-37f">
         <name>.text:_pconv_a</name>
         <load_address>0x10b70</load_address>
         <run_address>0x10b70</run_address>
         <size>0x248</size>
         <input_file_ref idref="fl-3c"/>
      </object_component>
      <object_component id="oc-237">
         <name>.text</name>
         <load_address>0x10db8</load_address>
         <run_address>0x10db8</run_address>
         <size>0x238</size>
         <input_file_ref idref="fl-14"/>
      </object_component>
      <object_component id="oc-99">
         <name>.text</name>
         <load_address>0x10ff0</load_address>
         <run_address>0x10ff0</run_address>
         <size>0x1f8</size>
         <input_file_ref idref="fl-10"/>
      </object_component>
      <object_component id="oc-3a7">
         <name>.text</name>
         <load_address>0x111e8</load_address>
         <run_address>0x111e8</run_address>
         <size>0x1b0</size>
         <input_file_ref idref="fl-16"/>
      </object_component>
      <object_component id="oc-36d">
         <name>.text:_pconv_g</name>
         <load_address>0x11398</load_address>
         <run_address>0x11398</run_address>
         <size>0x1a0</size>
         <input_file_ref idref="fl-3c"/>
      </object_component>
      <object_component id="oc-254">
         <name>.text</name>
         <load_address>0x11538</load_address>
         <run_address>0x11538</run_address>
         <size>0x158</size>
         <input_file_ref idref="fl-19"/>
      </object_component>
      <object_component id="oc-24">
         <name>.text:retain</name>
         <load_address>0x11690</load_address>
         <run_address>0x11690</run_address>
         <size>0x114</size>
         <input_file_ref idref="fl-a"/>
      </object_component>
      <object_component id="oc-379">
         <name>.text:_pconv_e</name>
         <load_address>0x117a4</load_address>
         <run_address>0x117a4</run_address>
         <size>0x104</size>
         <input_file_ref idref="fl-3c"/>
      </object_component>
      <object_component id="oc-445">
         <name>.text:fcvt</name>
         <load_address>0x118a8</load_address>
         <run_address>0x118a8</run_address>
         <size>0xfc</size>
         <input_file_ref idref="fl-3c"/>
      </object_component>
      <object_component id="oc-459">
         <name>.text:scalbn</name>
         <load_address>0x119a4</load_address>
         <run_address>0x119a4</run_address>
         <size>0xf0</size>
         <input_file_ref idref="fl-3e"/>
      </object_component>
      <object_component id="oc-b1">
         <name>.text</name>
         <load_address>0x11a94</load_address>
         <run_address>0x11a94</run_address>
         <size>0xe8</size>
         <input_file_ref idref="fl-5"/>
      </object_component>
      <object_component id="oc-230">
         <name>.text:floor</name>
         <load_address>0x11b7c</load_address>
         <run_address>0x11b7c</run_address>
         <size>0xe0</size>
         <input_file_ref idref="fl-30"/>
      </object_component>
      <object_component id="oc-f4">
         <name>.text</name>
         <load_address>0x11c5c</load_address>
         <run_address>0x11c5c</run_address>
         <size>0xe0</size>
         <input_file_ref idref="fl-26"/>
      </object_component>
      <object_component id="oc-367">
         <name>.text:_ltostr</name>
         <load_address>0x11d3c</load_address>
         <run_address>0x11d3c</run_address>
         <size>0xad</size>
         <input_file_ref idref="fl-3c"/>
      </object_component>
      <object_component id="oc-55">
         <name>.text</name>
         <load_address>0x11dea</load_address>
         <run_address>0x11dea</run_address>
         <size>0x9c</size>
         <input_file_ref idref="fl-31"/>
      </object_component>
      <object_component id="oc-43e">
         <name>.text:_mcpy</name>
         <load_address>0x11e86</load_address>
         <run_address>0x11e86</run_address>
         <size>0x7a</size>
         <input_file_ref idref="fl-3c"/>
      </object_component>
      <object_component id="oc-de">
         <name>.text</name>
         <load_address>0x11f00</load_address>
         <run_address>0x11f00</run_address>
         <size>0x7a</size>
         <input_file_ref idref="fl-33"/>
      </object_component>
      <object_component id="oc-453">
         <name>.text:frexp</name>
         <load_address>0x11f7c</load_address>
         <run_address>0x11f7c</run_address>
         <size>0x74</size>
         <input_file_ref idref="fl-3d"/>
      </object_component>
      <object_component id="oc-11">
         <name>.text:decompress:lzss:__TI_decompress_lzss</name>
         <load_address>0x11ff0</load_address>
         <run_address>0x11ff0</run_address>
         <size>0x6c</size>
         <input_file_ref idref="fl-38"/>
      </object_component>
      <object_component id="oc-432">
         <name>.text:__TI_ltoa</name>
         <load_address>0x1205c</load_address>
         <run_address>0x1205c</run_address>
         <size>0x54</size>
         <input_file_ref idref="fl-42"/>
      </object_component>
      <object_component id="oc-438">
         <name>.text:_ecpy</name>
         <load_address>0x120b0</load_address>
         <run_address>0x120b0</run_address>
         <size>0x54</size>
         <input_file_ref idref="fl-3c"/>
      </object_component>
      <object_component id="oc-373">
         <name>.text:_pconv_f</name>
         <load_address>0x12104</load_address>
         <run_address>0x12104</run_address>
         <size>0x50</size>
         <input_file_ref idref="fl-3c"/>
      </object_component>
      <object_component id="oc-361">
         <name>.text:atoi</name>
         <load_address>0x12154</load_address>
         <run_address>0x12154</run_address>
         <size>0x50</size>
         <input_file_ref idref="fl-43"/>
      </object_component>
      <object_component id="oc-14a">
         <name>.text:snprintf</name>
         <load_address>0x121a4</load_address>
         <run_address>0x121a4</run_address>
         <size>0x4c</size>
         <input_file_ref idref="fl-2f"/>
      </object_component>
      <object_component id="oc-102">
         <name>.text:__TI_auto_init_nobinit_nopinit:__TI_auto_init_nobinit_nopinit</name>
         <load_address>0x121f0</load_address>
         <run_address>0x121f0</run_address>
         <size>0x44</size>
         <input_file_ref idref="fl-34"/>
      </object_component>
      <object_component id="oc-44b">
         <name>.text:_fcpy</name>
         <load_address>0x12234</load_address>
         <run_address>0x12234</run_address>
         <size>0x40</size>
         <input_file_ref idref="fl-3c"/>
      </object_component>
      <object_component id="oc-274">
         <name>.text:_outs</name>
         <load_address>0x12274</load_address>
         <run_address>0x12274</run_address>
         <size>0x30</size>
         <input_file_ref idref="fl-2f"/>
      </object_component>
      <object_component id="oc-385">
         <name>.text:memccpy</name>
         <load_address>0x122a4</load_address>
         <run_address>0x122a4</run_address>
         <size>0x26</size>
         <input_file_ref idref="fl-45"/>
      </object_component>
      <object_component id="oc-4be">
         <name>.text:copysign</name>
         <load_address>0x122ca</load_address>
         <run_address>0x122ca</run_address>
         <size>0x1e</size>
         <input_file_ref idref="fl-48"/>
      </object_component>
      <object_component id="oc-27a">
         <name>.text:_outc</name>
         <load_address>0x122e8</load_address>
         <run_address>0x122e8</run_address>
         <size>0x18</size>
         <input_file_ref idref="fl-2f"/>
      </object_component>
      <object_component id="oc-45f">
         <name>.text:strchr</name>
         <load_address>0x12300</load_address>
         <run_address>0x12300</run_address>
         <size>0x16</size>
         <input_file_ref idref="fl-46"/>
      </object_component>
      <object_component id="oc-144">
         <name>.text:strlen</name>
         <load_address>0x12316</load_address>
         <run_address>0x12316</run_address>
         <size>0x16</size>
         <input_file_ref idref="fl-3b"/>
      </object_component>
      <object_component id="oc-38b">
         <name>.text:wcslen</name>
         <load_address>0x1232c</load_address>
         <run_address>0x1232c</run_address>
         <size>0x12</size>
         <input_file_ref idref="fl-3f"/>
      </object_component>
      <object_component id="oc-17">
         <name>.text:decompress:none:__TI_decompress_none</name>
         <load_address>0x1233e</load_address>
         <run_address>0x1233e</run_address>
         <size>0xe</size>
         <input_file_ref idref="fl-37"/>
      </object_component>
      <object_component id="oc-67">
         <name>.text:decompress:ZI:__TI_zero_init</name>
         <load_address>0x1234c</load_address>
         <run_address>0x1234c</run_address>
         <size>0xc</size>
         <input_file_ref idref="fl-36"/>
      </object_component>
      <object_component id="oc-391">
         <name>.text:__aeabi_errno_addr</name>
         <load_address>0x12358</load_address>
         <run_address>0x12358</run_address>
         <size>0x8</size>
         <input_file_ref idref="fl-47"/>
      </object_component>
      <object_component id="oc-17e">
         <name>.text:abort:abort</name>
         <load_address>0x12360</load_address>
         <run_address>0x12360</run_address>
         <size>0x4</size>
         <input_file_ref idref="fl-39"/>
      </object_component>
      <object_component id="oc-38">
         <name>.text:retain</name>
         <load_address>0x12364</load_address>
         <run_address>0x12364</run_address>
         <size>0x4</size>
         <input_file_ref idref="fl-24"/>
      </object_component>
      <object_component id="oc-78">
         <name>.text</name>
         <load_address>0x12368</load_address>
         <run_address>0x12368</run_address>
         <size>0x4</size>
         <input_file_ref idref="fl-28"/>
      </object_component>
      <object_component id="oc-2a">
         <name>.const:s_vim_init</name>
         <load_address>0x1236c</load_address>
         <run_address>0x1236c</run_address>
         <size>0x200</size>
         <input_file_ref idref="fl-29"/>
      </object_component>
      <object_component id="oc-427">
         <name>.const:.string:_ctypes_</name>
         <load_address>0x1256c</load_address>
         <run_address>0x1256c</run_address>
         <size>0x101</size>
         <input_file_ref idref="fl-44"/>
      </object_component>
      <object_component id="oc-191">
         <name>.kernelBSS:init</name>
         <load_address>0x80008d0</load_address>
         <run_address>0x80008d0</run_address>
         <size>0x34</size>
         <input_file_ref idref="fl-19"/>
      </object_component>
      <object_component id="oc-297">
         <name>.kernelBSS:uninit</name>
         <load_address>0x8000800</load_address>
         <run_address>0x8000800</run_address>
         <size>0xd0</size>
         <input_file_ref idref="fl-19"/>
      </object_component>
      <object_component id="oc-411">
         <name>.kernelHEAP</name>
         <uninitialized>true</uninitialized>
         <run_address>0x8004188</run_address>
         <size>0x2000</size>
         <input_file_ref idref="fl-13"/>
      </object_component>
      <object_component id="oc-349">
         <name>.bss:xStart</name>
         <uninitialized>true</uninitialized>
         <run_address>0x800417c</run_address>
         <size>0x8</size>
         <input_file_ref idref="fl-13"/>
      </object_component>
      <object_component id="oc-ad">
         <name>.bss:g_sciTransfer_t</name>
         <uninitialized>true</uninitialized>
         <run_address>0x8004154</run_address>
         <size>0x28</size>
         <input_file_ref idref="fl-1c"/>
      </object_component>
      <object_component id="oc-160">
         <name>.bss</name>
         <uninitialized>true</uninitialized>
         <run_address>0x8004184</run_address>
         <size>0x4</size>
         <input_file_ref idref="fl-21"/>
      </object_component>
      <object_component id="oc-163">
         <name>.bss:sciRxSemBuffer</name>
         <uninitialized>true</uninitialized>
         <run_address>0x80040cc</run_address>
         <size>0x48</size>
         <input_file_ref idref="fl-21"/>
      </object_component>
      <object_component id="oc-16c">
         <name>.bss:rxStackBuffer</name>
         <uninitialized>true</uninitialized>
         <run_address>0x8001fa0</run_address>
         <size>0xfa0</size>
         <input_file_ref idref="fl-21"/>
      </object_component>
      <object_component id="oc-16f">
         <name>.bss:rxTaskBuffer</name>
         <uninitialized>true</uninitialized>
         <run_address>0x8003f84</run_address>
         <size>0xa4</size>
         <input_file_ref idref="fl-21"/>
      </object_component>
      <object_component id="oc-166">
         <name>.bss:txStackBuffer</name>
         <uninitialized>true</uninitialized>
         <run_address>0x8002f40</run_address>
         <size>0xfa0</size>
         <input_file_ref idref="fl-21"/>
      </object_component>
      <object_component id="oc-169">
         <name>.bss:txTaskBuffer</name>
         <uninitialized>true</uninitialized>
         <run_address>0x8004028</run_address>
         <size>0xa4</size>
         <input_file_ref idref="fl-21"/>
      </object_component>
      <object_component id="oc-156">
         <name>.bss:IdleStackBuffer</name>
         <uninitialized>true</uninitialized>
         <run_address>0x8001000</run_address>
         <size>0xfa0</size>
         <input_file_ref idref="fl-21"/>
      </object_component>
      <object_component id="oc-159">
         <name>.bss:IdleTaskBuffer</name>
         <uninitialized>true</uninitialized>
         <run_address>0x8003ee0</run_address>
         <size>0xa4</size>
         <input_file_ref idref="fl-21"/>
      </object_component>
      <object_component id="oc-15c">
         <name>.bss:rxBuff</name>
         <uninitialized>true</uninitialized>
         <run_address>0x8004114</run_address>
         <size>0x40</size>
         <input_file_ref idref="fl-21"/>
      </object_component>
      <object_component id="oc-346">
         <name>.data</name>
         <load_address>0x8006188</load_address>
         <run_address>0x8006188</run_address>
         <size>0x10</size>
         <input_file_ref idref="fl-13"/>
      </object_component>
      <object_component id="oc-194">
         <name>.data</name>
         <load_address>0x8006198</load_address>
         <run_address>0x8006198</run_address>
         <size>0x8</size>
         <input_file_ref idref="fl-16"/>
      </object_component>
      <object_component id="oc-15f">
         <name>.data</name>
         <load_address>0x80061a0</load_address>
         <run_address>0x80061a0</run_address>
         <size>0x8</size>
         <input_file_ref idref="fl-21"/>
      </object_component>
      <object_component id="oc-46f">
         <name>.data</name>
         <load_address>0x80061a8</load_address>
         <run_address>0x80061a8</run_address>
         <size>0x4</size>
         <input_file_ref idref="fl-47"/>
      </object_component>
      <object_component id="oc-1c6">
         <name>.debug_info</name>
         <load_address>0x0</load_address>
         <run_address>0x0</run_address>
         <size>0x359</size>
         <input_file_ref idref="fl-2"/>
      </object_component>
      <object_component id="oc-1db">
         <name>.debug_info</name>
         <load_address>0x359</load_address>
         <run_address>0x359</run_address>
         <size>0x791</size>
         <input_file_ref idref="fl-2"/>
      </object_component>
      <object_component id="oc-19a">
         <name>.debug_info</name>
         <load_address>0xaea</load_address>
         <run_address>0xaea</run_address>
         <size>0x26b</size>
         <input_file_ref idref="fl-2"/>
      </object_component>
      <object_component id="oc-a0">
         <name>.debug_info</name>
         <load_address>0xd55</load_address>
         <run_address>0xd55</run_address>
         <size>0x157</size>
         <input_file_ref idref="fl-2"/>
      </object_component>
      <object_component id="oc-bf">
         <name>.debug_info</name>
         <load_address>0xeac</load_address>
         <run_address>0xeac</run_address>
         <size>0x8b</size>
         <input_file_ref idref="fl-2"/>
      </object_component>
      <object_component id="oc-ba">
         <name>.debug_info</name>
         <load_address>0xf37</load_address>
         <run_address>0xf37</run_address>
         <size>0x18c</size>
         <input_file_ref idref="fl-2"/>
      </object_component>
      <object_component id="oc-2c4">
         <name>.debug_info</name>
         <load_address>0x10c3</load_address>
         <run_address>0x10c3</run_address>
         <size>0x2a4</size>
         <input_file_ref idref="fl-2"/>
      </object_component>
      <object_component id="oc-174">
         <name>.debug_info</name>
         <load_address>0x1367</load_address>
         <run_address>0x1367</run_address>
         <size>0xbb</size>
         <input_file_ref idref="fl-2"/>
      </object_component>
      <object_component id="oc-c4">
         <name>.debug_info</name>
         <load_address>0x1422</load_address>
         <run_address>0x1422</run_address>
         <size>0x86</size>
         <input_file_ref idref="fl-2"/>
      </object_component>
      <object_component id="oc-311">
         <name>.debug_info</name>
         <load_address>0x14a8</load_address>
         <run_address>0x14a8</run_address>
         <size>0x38f</size>
         <input_file_ref idref="fl-2"/>
      </object_component>
      <object_component id="oc-1b8">
         <name>.debug_info</name>
         <load_address>0x1837</load_address>
         <run_address>0x1837</run_address>
         <size>0x2d0</size>
         <input_file_ref idref="fl-2"/>
      </object_component>
      <object_component id="oc-321">
         <name>.debug_info</name>
         <load_address>0x1b07</load_address>
         <run_address>0x1b07</run_address>
         <size>0x35b</size>
         <input_file_ref idref="fl-3"/>
      </object_component>
      <object_component id="oc-1ef">
         <name>.debug_info</name>
         <load_address>0x1e62</load_address>
         <run_address>0x1e62</run_address>
         <size>0x437</size>
         <input_file_ref idref="fl-3"/>
      </object_component>
      <object_component id="oc-3e9">
         <name>.debug_info</name>
         <load_address>0x2299</load_address>
         <run_address>0x2299</run_address>
         <size>0x15f</size>
         <input_file_ref idref="fl-3"/>
      </object_component>
      <object_component id="oc-3cd">
         <name>.debug_info</name>
         <load_address>0x23f8</load_address>
         <run_address>0x23f8</run_address>
         <size>0x309</size>
         <input_file_ref idref="fl-4"/>
      </object_component>
      <object_component id="oc-2db">
         <name>.debug_info</name>
         <load_address>0x2701</load_address>
         <run_address>0x2701</run_address>
         <size>0x3b8</size>
         <input_file_ref idref="fl-4"/>
      </object_component>
      <object_component id="oc-488">
         <name>.debug_info</name>
         <load_address>0x2ab9</load_address>
         <run_address>0x2ab9</run_address>
         <size>0x22c</size>
         <input_file_ref idref="fl-4"/>
      </object_component>
      <object_component id="oc-b3">
         <name>.debug_info</name>
         <load_address>0x2ce5</load_address>
         <run_address>0x2ce5</run_address>
         <size>0x149</size>
         <input_file_ref idref="fl-5"/>
      </object_component>
      <object_component id="oc-3ce">
         <name>.debug_info</name>
         <load_address>0x2e2e</load_address>
         <run_address>0x2e2e</run_address>
         <size>0x2de</size>
         <input_file_ref idref="fl-6"/>
      </object_component>
      <object_component id="oc-48f">
         <name>.debug_info</name>
         <load_address>0x310c</load_address>
         <run_address>0x310c</run_address>
         <size>0x155</size>
         <input_file_ref idref="fl-6"/>
      </object_component>
      <object_component id="oc-2e0">
         <name>.debug_info</name>
         <load_address>0x3261</load_address>
         <run_address>0x3261</run_address>
         <size>0x116</size>
         <input_file_ref idref="fl-6"/>
      </object_component>
      <object_component id="oc-3cf">
         <name>.debug_info</name>
         <load_address>0x3377</load_address>
         <run_address>0x3377</run_address>
         <size>0x2fb</size>
         <input_file_ref idref="fl-7"/>
      </object_component>
      <object_component id="oc-496">
         <name>.debug_info</name>
         <load_address>0x3672</load_address>
         <run_address>0x3672</run_address>
         <size>0x359</size>
         <input_file_ref idref="fl-7"/>
      </object_component>
      <object_component id="oc-2e5">
         <name>.debug_info</name>
         <load_address>0x39cb</load_address>
         <run_address>0x39cb</run_address>
         <size>0x152</size>
         <input_file_ref idref="fl-7"/>
      </object_component>
      <object_component id="oc-3d0">
         <name>.debug_info</name>
         <load_address>0x3b1d</load_address>
         <run_address>0x3b1d</run_address>
         <size>0x2df</size>
         <input_file_ref idref="fl-8"/>
      </object_component>
      <object_component id="oc-49d">
         <name>.debug_info</name>
         <load_address>0x3dfc</load_address>
         <run_address>0x3dfc</run_address>
         <size>0x669</size>
         <input_file_ref idref="fl-8"/>
      </object_component>
      <object_component id="oc-2ea">
         <name>.debug_info</name>
         <load_address>0x4465</load_address>
         <run_address>0x4465</run_address>
         <size>0x22e</size>
         <input_file_ref idref="fl-8"/>
      </object_component>
      <object_component id="oc-1d6">
         <name>.debug_info</name>
         <load_address>0x4693</load_address>
         <run_address>0x4693</run_address>
         <size>0x308</size>
         <input_file_ref idref="fl-9"/>
      </object_component>
      <object_component id="oc-74">
         <name>.debug_info</name>
         <load_address>0x499b</load_address>
         <run_address>0x499b</run_address>
         <size>0x689</size>
         <input_file_ref idref="fl-9"/>
      </object_component>
      <object_component id="oc-50">
         <name>.debug_info</name>
         <load_address>0x5024</load_address>
         <run_address>0x5024</run_address>
         <size>0x84</size>
         <input_file_ref idref="fl-9"/>
      </object_component>
      <object_component id="oc-e6">
         <name>.debug_info</name>
         <load_address>0x50a8</load_address>
         <run_address>0x50a8</run_address>
         <size>0x9e7</size>
         <input_file_ref idref="fl-9"/>
      </object_component>
      <object_component id="oc-101">
         <name>.debug_info</name>
         <load_address>0x5a8f</load_address>
         <run_address>0x5a8f</run_address>
         <size>0x360</size>
         <input_file_ref idref="fl-a"/>
      </object_component>
      <object_component id="oc-8b">
         <name>.debug_info</name>
         <load_address>0x5def</load_address>
         <run_address>0x5def</run_address>
         <size>0xb75</size>
         <input_file_ref idref="fl-a"/>
      </object_component>
      <object_component id="oc-25">
         <name>.debug_info</name>
         <load_address>0x6964</load_address>
         <run_address>0x6964</run_address>
         <size>0x1d5</size>
         <input_file_ref idref="fl-a"/>
      </object_component>
      <object_component id="oc-19f">
         <name>.debug_info</name>
         <load_address>0x6b39</load_address>
         <run_address>0x6b39</run_address>
         <size>0x1de</size>
         <input_file_ref idref="fl-a"/>
      </object_component>
      <object_component id="oc-fc">
         <name>.debug_info</name>
         <load_address>0x6d17</load_address>
         <run_address>0x6d17</run_address>
         <size>0x129</size>
         <input_file_ref idref="fl-a"/>
      </object_component>
      <object_component id="oc-322">
         <name>.debug_info</name>
         <load_address>0x6e40</load_address>
         <run_address>0x6e40</run_address>
         <size>0x2fd</size>
         <input_file_ref idref="fl-b"/>
      </object_component>
      <object_component id="oc-3f0">
         <name>.debug_info</name>
         <load_address>0x713d</load_address>
         <run_address>0x713d</run_address>
         <size>0xc6d</size>
         <input_file_ref idref="fl-b"/>
      </object_component>
      <object_component id="oc-2ef">
         <name>.debug_info</name>
         <load_address>0x7daa</load_address>
         <run_address>0x7daa</run_address>
         <size>0x396</size>
         <input_file_ref idref="fl-b"/>
      </object_component>
      <object_component id="oc-1fe">
         <name>.debug_info</name>
         <load_address>0x8140</load_address>
         <run_address>0x8140</run_address>
         <size>0x508</size>
         <input_file_ref idref="fl-b"/>
      </object_component>
      <object_component id="oc-31a">
         <name>.debug_info</name>
         <load_address>0x8648</load_address>
         <run_address>0x8648</run_address>
         <size>0x43c</size>
         <input_file_ref idref="fl-b"/>
      </object_component>
      <object_component id="oc-302">
         <name>.debug_info</name>
         <load_address>0x8a84</load_address>
         <run_address>0x8a84</run_address>
         <size>0x2e3</size>
         <input_file_ref idref="fl-c"/>
      </object_component>
      <object_component id="oc-1a9">
         <name>.debug_info</name>
         <load_address>0x8d67</load_address>
         <run_address>0x8d67</run_address>
         <size>0x1f9</size>
         <input_file_ref idref="fl-c"/>
      </object_component>
      <object_component id="oc-3d4">
         <name>.debug_info</name>
         <load_address>0x8f60</load_address>
         <run_address>0x8f60</run_address>
         <size>0x12a</size>
         <input_file_ref idref="fl-c"/>
      </object_component>
      <object_component id="oc-320">
         <name>.debug_info</name>
         <load_address>0x908a</load_address>
         <run_address>0x908a</run_address>
         <size>0x33f</size>
         <input_file_ref idref="fl-d"/>
      </object_component>
      <object_component id="oc-1ce">
         <name>.debug_info</name>
         <load_address>0x93c9</load_address>
         <run_address>0x93c9</run_address>
         <size>0x2c</size>
         <input_file_ref idref="fl-d"/>
      </object_component>
      <object_component id="oc-1ea">
         <name>.debug_info</name>
         <load_address>0x93f5</load_address>
         <run_address>0x93f5</run_address>
         <size>0x35</size>
         <input_file_ref idref="fl-d"/>
      </object_component>
      <object_component id="oc-1f9">
         <name>.debug_info</name>
         <load_address>0x942a</load_address>
         <run_address>0x942a</run_address>
         <size>0x3d3</size>
         <input_file_ref idref="fl-d"/>
      </object_component>
      <object_component id="oc-3e2">
         <name>.debug_info</name>
         <load_address>0x97fd</load_address>
         <run_address>0x97fd</run_address>
         <size>0x2e3</size>
         <input_file_ref idref="fl-d"/>
      </object_component>
      <object_component id="oc-3d1">
         <name>.debug_info</name>
         <load_address>0x9ae0</load_address>
         <run_address>0x9ae0</run_address>
         <size>0x2ee</size>
         <input_file_ref idref="fl-e"/>
      </object_component>
      <object_component id="oc-2f4">
         <name>.debug_info</name>
         <load_address>0x9dce</load_address>
         <run_address>0x9dce</run_address>
         <size>0x2e2</size>
         <input_file_ref idref="fl-e"/>
      </object_component>
      <object_component id="oc-4a4">
         <name>.debug_info</name>
         <load_address>0xa0b0</load_address>
         <run_address>0xa0b0</run_address>
         <size>0x34f</size>
         <input_file_ref idref="fl-e"/>
      </object_component>
      <object_component id="oc-31f">
         <name>.debug_info</name>
         <load_address>0xa3ff</load_address>
         <run_address>0xa3ff</run_address>
         <size>0x344</size>
         <input_file_ref idref="fl-f"/>
      </object_component>
      <object_component id="oc-1e0">
         <name>.debug_info</name>
         <load_address>0xa743</load_address>
         <run_address>0xa743</run_address>
         <size>0x4de</size>
         <input_file_ref idref="fl-f"/>
      </object_component>
      <object_component id="oc-3db">
         <name>.debug_info</name>
         <load_address>0xac21</load_address>
         <run_address>0xac21</run_address>
         <size>0x44e</size>
         <input_file_ref idref="fl-f"/>
      </object_component>
      <object_component id="oc-18b">
         <name>.debug_info</name>
         <load_address>0xb06f</load_address>
         <run_address>0xb06f</run_address>
         <size>0x58d</size>
         <input_file_ref idref="fl-10"/>
      </object_component>
      <object_component id="oc-9a">
         <name>.debug_info</name>
         <load_address>0xb5fc</load_address>
         <run_address>0xb5fc</run_address>
         <size>0x1513</size>
         <input_file_ref idref="fl-10"/>
      </object_component>
      <object_component id="oc-1e5">
         <name>.debug_info</name>
         <load_address>0xcb0f</load_address>
         <run_address>0xcb0f</run_address>
         <size>0x3ce</size>
         <input_file_ref idref="fl-10"/>
      </object_component>
      <object_component id="oc-2d6">
         <name>.debug_info</name>
         <load_address>0xcedd</load_address>
         <run_address>0xcedd</run_address>
         <size>0x7cd</size>
         <input_file_ref idref="fl-10"/>
      </object_component>
      <object_component id="oc-18c">
         <name>.debug_info</name>
         <load_address>0xd6aa</load_address>
         <run_address>0xd6aa</run_address>
         <size>0x673</size>
         <input_file_ref idref="fl-10"/>
      </object_component>
      <object_component id="oc-21a">
         <name>.debug_info</name>
         <load_address>0xdd1d</load_address>
         <run_address>0xdd1d</run_address>
         <size>0x37b</size>
         <input_file_ref idref="fl-10"/>
      </object_component>
      <object_component id="oc-1f4">
         <name>.debug_info</name>
         <load_address>0xe098</load_address>
         <run_address>0xe098</run_address>
         <size>0x1ca</size>
         <input_file_ref idref="fl-10"/>
      </object_component>
      <object_component id="oc-1a4">
         <name>.debug_info</name>
         <load_address>0xe262</load_address>
         <run_address>0xe262</run_address>
         <size>0x435</size>
         <input_file_ref idref="fl-10"/>
      </object_component>
      <object_component id="oc-20d">
         <name>.debug_info</name>
         <load_address>0xe697</load_address>
         <run_address>0xe697</run_address>
         <size>0x551</size>
         <input_file_ref idref="fl-10"/>
      </object_component>
      <object_component id="oc-203">
         <name>.debug_info</name>
         <load_address>0xebe8</load_address>
         <run_address>0xebe8</run_address>
         <size>0x1de</size>
         <input_file_ref idref="fl-10"/>
      </object_component>
      <object_component id="oc-2ba">
         <name>.debug_info</name>
         <load_address>0xedc6</load_address>
         <run_address>0xedc6</run_address>
         <size>0x243</size>
         <input_file_ref idref="fl-10"/>
      </object_component>
      <object_component id="oc-30a">
         <name>.debug_info</name>
         <load_address>0xf009</load_address>
         <run_address>0xf009</run_address>
         <size>0x18e</size>
         <input_file_ref idref="fl-10"/>
      </object_component>
      <object_component id="oc-2f9">
         <name>.debug_info</name>
         <load_address>0xf197</load_address>
         <run_address>0xf197</run_address>
         <size>0x26c</size>
         <input_file_ref idref="fl-10"/>
      </object_component>
      <object_component id="oc-212">
         <name>.debug_info</name>
         <load_address>0xf403</load_address>
         <run_address>0xf403</run_address>
         <size>0x17a</size>
         <input_file_ref idref="fl-10"/>
      </object_component>
      <object_component id="oc-1ae">
         <name>.debug_info</name>
         <load_address>0xf57d</load_address>
         <run_address>0xf57d</run_address>
         <size>0x6a6</size>
         <input_file_ref idref="fl-10"/>
      </object_component>
      <object_component id="oc-1b3">
         <name>.debug_info</name>
         <load_address>0xfc23</load_address>
         <run_address>0xfc23</run_address>
         <size>0x13e</size>
         <input_file_ref idref="fl-10"/>
      </object_component>
      <object_component id="oc-2c9">
         <name>.debug_info</name>
         <load_address>0xfd61</load_address>
         <run_address>0xfd61</run_address>
         <size>0x221</size>
         <input_file_ref idref="fl-11"/>
      </object_component>
      <object_component id="oc-24f">
         <name>.debug_info</name>
         <load_address>0xff82</load_address>
         <run_address>0xff82</run_address>
         <size>0x30c</size>
         <input_file_ref idref="fl-11"/>
      </object_component>
      <object_component id="oc-2a0">
         <name>.debug_info</name>
         <load_address>0x1028e</load_address>
         <run_address>0x1028e</run_address>
         <size>0x3d4</size>
         <input_file_ref idref="fl-11"/>
      </object_component>
      <object_component id="oc-179">
         <name>.debug_info</name>
         <load_address>0x10662</load_address>
         <run_address>0x10662</run_address>
         <size>0xe1</size>
         <input_file_ref idref="fl-11"/>
      </object_component>
      <object_component id="oc-3ba">
         <name>.debug_info</name>
         <load_address>0x10743</load_address>
         <run_address>0x10743</run_address>
         <size>0xcc</size>
         <input_file_ref idref="fl-11"/>
      </object_component>
      <object_component id="oc-261">
         <name>.debug_info</name>
         <load_address>0x1080f</load_address>
         <run_address>0x1080f</run_address>
         <size>0x2c</size>
         <input_file_ref idref="fl-11"/>
      </object_component>
      <object_component id="oc-2bf">
         <name>.debug_info</name>
         <load_address>0x1083b</load_address>
         <run_address>0x1083b</run_address>
         <size>0x14c</size>
         <input_file_ref idref="fl-11"/>
      </object_component>
      <object_component id="oc-355">
         <name>.debug_info</name>
         <load_address>0x10987</load_address>
         <run_address>0x10987</run_address>
         <size>0x6cc</size>
         <input_file_ref idref="fl-12"/>
      </object_component>
      <object_component id="oc-25c">
         <name>.debug_info</name>
         <load_address>0x11053</load_address>
         <run_address>0x11053</run_address>
         <size>0x15fb</size>
         <input_file_ref idref="fl-12"/>
      </object_component>
      <object_component id="oc-24a">
         <name>.debug_info</name>
         <load_address>0x1264e</load_address>
         <run_address>0x1264e</run_address>
         <size>0x110</size>
         <input_file_ref idref="fl-12"/>
      </object_component>
      <object_component id="oc-267">
         <name>.debug_info</name>
         <load_address>0x1275e</load_address>
         <run_address>0x1275e</run_address>
         <size>0x39</size>
         <input_file_ref idref="fl-12"/>
      </object_component>
      <object_component id="oc-35a">
         <name>.debug_info</name>
         <load_address>0x12797</load_address>
         <run_address>0x12797</run_address>
         <size>0x46</size>
         <input_file_ref idref="fl-12"/>
      </object_component>
      <object_component id="oc-422">
         <name>.debug_info</name>
         <load_address>0x127dd</load_address>
         <run_address>0x127dd</run_address>
         <size>0x76</size>
         <input_file_ref idref="fl-12"/>
      </object_component>
      <object_component id="oc-34d">
         <name>.debug_info</name>
         <load_address>0x12853</load_address>
         <run_address>0x12853</run_address>
         <size>0x46e</size>
         <input_file_ref idref="fl-13"/>
      </object_component>
      <object_component id="oc-412">
         <name>.debug_info</name>
         <load_address>0x12cc1</load_address>
         <run_address>0x12cc1</run_address>
         <size>0x126</size>
         <input_file_ref idref="fl-13"/>
      </object_component>
      <object_component id="oc-34a">
         <name>.debug_info</name>
         <load_address>0x12de7</load_address>
         <run_address>0x12de7</run_address>
         <size>0x126</size>
         <input_file_ref idref="fl-13"/>
      </object_component>
      <object_component id="oc-347">
         <name>.debug_info</name>
         <load_address>0x12f0d</load_address>
         <run_address>0x12f0d</run_address>
         <size>0x1da</size>
         <input_file_ref idref="fl-13"/>
      </object_component>
      <object_component id="oc-23e">
         <name>.debug_info</name>
         <load_address>0x130e7</load_address>
         <run_address>0x130e7</run_address>
         <size>0x583</size>
         <input_file_ref idref="fl-13"/>
      </object_component>
      <object_component id="oc-342">
         <name>.debug_info</name>
         <load_address>0x1366a</load_address>
         <run_address>0x1366a</run_address>
         <size>0x2fd</size>
         <input_file_ref idref="fl-13"/>
      </object_component>
      <object_component id="oc-419">
         <name>.debug_info</name>
         <load_address>0x13967</load_address>
         <run_address>0x13967</run_address>
         <size>0x62</size>
         <input_file_ref idref="fl-13"/>
      </object_component>
      <object_component id="oc-33f">
         <name>.debug_info</name>
         <load_address>0x139c9</load_address>
         <run_address>0x139c9</run_address>
         <size>0x3a9</size>
         <input_file_ref idref="fl-14"/>
      </object_component>
      <object_component id="oc-238">
         <name>.debug_info</name>
         <load_address>0x13d72</load_address>
         <run_address>0x13d72</run_address>
         <size>0x504</size>
         <input_file_ref idref="fl-14"/>
      </object_component>
      <object_component id="oc-266">
         <name>.debug_info</name>
         <load_address>0x14276</load_address>
         <run_address>0x14276</run_address>
         <size>0xf8e</size>
         <input_file_ref idref="fl-15"/>
      </object_component>
      <object_component id="oc-141">
         <name>.debug_info</name>
         <load_address>0x15204</load_address>
         <run_address>0x15204</run_address>
         <size>0x4166</size>
         <input_file_ref idref="fl-15"/>
      </object_component>
      <object_component id="oc-244">
         <name>.debug_info</name>
         <load_address>0x1936a</load_address>
         <run_address>0x1936a</run_address>
         <size>0x46</size>
         <input_file_ref idref="fl-15"/>
      </object_component>
      <object_component id="oc-3ae">
         <name>.debug_info</name>
         <load_address>0x193b0</load_address>
         <run_address>0x193b0</run_address>
         <size>0x4c1</size>
         <input_file_ref idref="fl-16"/>
      </object_component>
      <object_component id="oc-195">
         <name>.debug_info</name>
         <load_address>0x19871</load_address>
         <run_address>0x19871</run_address>
         <size>0x174</size>
         <input_file_ref idref="fl-16"/>
      </object_component>
      <object_component id="oc-292">
         <name>.debug_info</name>
         <load_address>0x199e5</load_address>
         <run_address>0x199e5</run_address>
         <size>0x608</size>
         <input_file_ref idref="fl-16"/>
      </object_component>
      <object_component id="oc-3a8">
         <name>.debug_info</name>
         <load_address>0x19fed</load_address>
         <run_address>0x19fed</run_address>
         <size>0x3ad</size>
         <input_file_ref idref="fl-16"/>
      </object_component>
      <object_component id="oc-a6">
         <name>.debug_info</name>
         <load_address>0x1a39a</load_address>
         <run_address>0x1a39a</run_address>
         <size>0x52a</size>
         <input_file_ref idref="fl-17"/>
      </object_component>
      <object_component id="oc-249">
         <name>.debug_info</name>
         <load_address>0x1a8c4</load_address>
         <run_address>0x1a8c4</run_address>
         <size>0x731</size>
         <input_file_ref idref="fl-18"/>
      </object_component>
      <object_component id="oc-13a">
         <name>.debug_info</name>
         <load_address>0x1aff5</load_address>
         <run_address>0x1aff5</run_address>
         <size>0x26f1</size>
         <input_file_ref idref="fl-18"/>
      </object_component>
      <object_component id="oc-350">
         <name>.debug_info</name>
         <load_address>0x1d6e6</load_address>
         <run_address>0x1d6e6</run_address>
         <size>0x169</size>
         <input_file_ref idref="fl-18"/>
      </object_component>
      <object_component id="oc-29b">
         <name>.debug_info</name>
         <load_address>0x1d84f</load_address>
         <run_address>0x1d84f</run_address>
         <size>0x910</size>
         <input_file_ref idref="fl-19"/>
      </object_component>
      <object_component id="oc-192">
         <name>.debug_info</name>
         <load_address>0x1e15f</load_address>
         <run_address>0x1e15f</run_address>
         <size>0x397</size>
         <input_file_ref idref="fl-19"/>
      </object_component>
      <object_component id="oc-298">
         <name>.debug_info</name>
         <load_address>0x1e4f6</load_address>
         <run_address>0x1e4f6</run_address>
         <size>0x2c3</size>
         <input_file_ref idref="fl-19"/>
      </object_component>
      <object_component id="oc-151">
         <name>.debug_info</name>
         <load_address>0x1e7b9</load_address>
         <run_address>0x1e7b9</run_address>
         <size>0x4f0d</size>
         <input_file_ref idref="fl-19"/>
      </object_component>
      <object_component id="oc-255">
         <name>.debug_info</name>
         <load_address>0x236c6</load_address>
         <run_address>0x236c6</run_address>
         <size>0x445</size>
         <input_file_ref idref="fl-19"/>
      </object_component>
      <object_component id="oc-3b3">
         <name>.debug_info</name>
         <load_address>0x23b0b</load_address>
         <run_address>0x23b0b</run_address>
         <size>0x14e</size>
         <input_file_ref idref="fl-19"/>
      </object_component>
      <object_component id="oc-1d8">
         <name>.debug_info</name>
         <load_address>0x23c59</load_address>
         <run_address>0x23c59</run_address>
         <size>0x2ca</size>
         <input_file_ref idref="fl-1b"/>
      </object_component>
      <object_component id="oc-ee">
         <name>.debug_info</name>
         <load_address>0x23f23</load_address>
         <run_address>0x23f23</run_address>
         <size>0x233</size>
         <input_file_ref idref="fl-1b"/>
      </object_component>
      <object_component id="oc-1c4">
         <name>.debug_info</name>
         <load_address>0x24156</load_address>
         <run_address>0x24156</run_address>
         <size>0x365</size>
         <input_file_ref idref="fl-1c"/>
      </object_component>
      <object_component id="oc-ae">
         <name>.debug_info</name>
         <load_address>0x244bb</load_address>
         <run_address>0x244bb</run_address>
         <size>0x134</size>
         <input_file_ref idref="fl-1c"/>
      </object_component>
      <object_component id="oc-133">
         <name>.debug_info</name>
         <load_address>0x245ef</load_address>
         <run_address>0x245ef</run_address>
         <size>0xd4f</size>
         <input_file_ref idref="fl-1c"/>
      </object_component>
      <object_component id="oc-2f">
         <name>.debug_info</name>
         <load_address>0x2533e</load_address>
         <run_address>0x2533e</run_address>
         <size>0x3b2</size>
         <input_file_ref idref="fl-1c"/>
      </object_component>
      <object_component id="oc-305">
         <name>.debug_info</name>
         <load_address>0x256f0</load_address>
         <run_address>0x256f0</run_address>
         <size>0x91</size>
         <input_file_ref idref="fl-1c"/>
      </object_component>
      <object_component id="oc-6f">
         <name>.debug_info</name>
         <load_address>0x25781</load_address>
         <run_address>0x25781</run_address>
         <size>0x83e</size>
         <input_file_ref idref="fl-1e"/>
      </object_component>
      <object_component id="oc-36">
         <name>.debug_info</name>
         <load_address>0x25fbf</load_address>
         <run_address>0x25fbf</run_address>
         <size>0x151</size>
         <input_file_ref idref="fl-20"/>
      </object_component>
      <object_component id="oc-173">
         <name>.debug_info</name>
         <load_address>0x26110</load_address>
         <run_address>0x26110</run_address>
         <size>0x766</size>
         <input_file_ref idref="fl-21"/>
      </object_component>
      <object_component id="oc-161">
         <name>.debug_info</name>
         <load_address>0x26876</load_address>
         <run_address>0x26876</run_address>
         <size>0x12b</size>
         <input_file_ref idref="fl-21"/>
      </object_component>
      <object_component id="oc-164">
         <name>.debug_info</name>
         <load_address>0x269a1</load_address>
         <run_address>0x269a1</run_address>
         <size>0x137</size>
         <input_file_ref idref="fl-21"/>
      </object_component>
      <object_component id="oc-16d">
         <name>.debug_info</name>
         <load_address>0x26ad8</load_address>
         <run_address>0x26ad8</run_address>
         <size>0x135</size>
         <input_file_ref idref="fl-21"/>
      </object_component>
      <object_component id="oc-170">
         <name>.debug_info</name>
         <load_address>0x26c0d</load_address>
         <run_address>0x26c0d</run_address>
         <size>0x133</size>
         <input_file_ref idref="fl-21"/>
      </object_component>
      <object_component id="oc-167">
         <name>.debug_info</name>
         <load_address>0x26d40</load_address>
         <run_address>0x26d40</run_address>
         <size>0x135</size>
         <input_file_ref idref="fl-21"/>
      </object_component>
      <object_component id="oc-16a">
         <name>.debug_info</name>
         <load_address>0x26e75</load_address>
         <run_address>0x26e75</run_address>
         <size>0x133</size>
         <input_file_ref idref="fl-21"/>
      </object_component>
      <object_component id="oc-157">
         <name>.debug_info</name>
         <load_address>0x26fa8</load_address>
         <run_address>0x26fa8</run_address>
         <size>0x139</size>
         <input_file_ref idref="fl-21"/>
      </object_component>
      <object_component id="oc-15a">
         <name>.debug_info</name>
         <load_address>0x270e1</load_address>
         <run_address>0x270e1</run_address>
         <size>0x137</size>
         <input_file_ref idref="fl-21"/>
      </object_component>
      <object_component id="oc-15d">
         <name>.debug_info</name>
         <load_address>0x27218</load_address>
         <run_address>0x27218</run_address>
         <size>0x127</size>
         <input_file_ref idref="fl-21"/>
      </object_component>
      <object_component id="oc-92">
         <name>.debug_info</name>
         <load_address>0x2733f</load_address>
         <run_address>0x2733f</run_address>
         <size>0x894</size>
         <input_file_ref idref="fl-21"/>
      </object_component>
      <object_component id="oc-2a9">
         <name>.debug_info</name>
         <load_address>0x27bd3</load_address>
         <run_address>0x27bd3</run_address>
         <size>0x2c</size>
         <input_file_ref idref="fl-21"/>
      </object_component>
      <object_component id="oc-28c">
         <name>.debug_info</name>
         <load_address>0x27bff</load_address>
         <run_address>0x27bff</run_address>
         <size>0x2c</size>
         <input_file_ref idref="fl-21"/>
      </object_component>
      <object_component id="oc-323">
         <name>.debug_info</name>
         <load_address>0x27c2b</load_address>
         <run_address>0x27c2b</run_address>
         <size>0x2e9</size>
         <input_file_ref idref="fl-23"/>
      </object_component>
      <object_component id="oc-3f7">
         <name>.debug_info</name>
         <load_address>0x27f14</load_address>
         <run_address>0x27f14</run_address>
         <size>0x242</size>
         <input_file_ref idref="fl-23"/>
      </object_component>
      <object_component id="oc-208">
         <name>.debug_info</name>
         <load_address>0x28156</load_address>
         <run_address>0x28156</run_address>
         <size>0x2af</size>
         <input_file_ref idref="fl-23"/>
      </object_component>
      <object_component id="oc-3b">
         <name>.debug_info</name>
         <load_address>0x28405</load_address>
         <run_address>0x28405</run_address>
         <size>0x186</size>
         <input_file_ref idref="fl-24"/>
      </object_component>
      <object_component id="oc-f5">
         <name>.debug_info</name>
         <load_address>0x2858b</load_address>
         <run_address>0x2858b</run_address>
         <size>0x3b0</size>
         <input_file_ref idref="fl-26"/>
      </object_component>
      <object_component id="oc-fa">
         <name>.debug_info</name>
         <load_address>0x2893b</load_address>
         <run_address>0x2893b</run_address>
         <size>0x6bf</size>
         <input_file_ref idref="fl-27"/>
      </object_component>
      <object_component id="oc-85">
         <name>.debug_info</name>
         <load_address>0x28ffa</load_address>
         <run_address>0x28ffa</run_address>
         <size>0x2ed8</size>
         <input_file_ref idref="fl-27"/>
      </object_component>
      <object_component id="oc-21">
         <name>.debug_info</name>
         <load_address>0x2bed2</load_address>
         <run_address>0x2bed2</run_address>
         <size>0x62c</size>
         <input_file_ref idref="fl-28"/>
      </object_component>
      <object_component id="oc-7a">
         <name>.debug_info</name>
         <load_address>0x2c4fe</load_address>
         <run_address>0x2c4fe</run_address>
         <size>0x17f</size>
         <input_file_ref idref="fl-28"/>
      </object_component>
      <object_component id="oc-ac">
         <name>.debug_info</name>
         <load_address>0x2c67d</load_address>
         <run_address>0x2c67d</run_address>
         <size>0x555</size>
         <input_file_ref idref="fl-29"/>
      </object_component>
      <object_component id="oc-2b">
         <name>.debug_info</name>
         <load_address>0x2cbd2</load_address>
         <run_address>0x2cbd2</run_address>
         <size>0x12e</size>
         <input_file_ref idref="fl-29"/>
      </object_component>
      <object_component id="oc-46">
         <name>.debug_info</name>
         <load_address>0x2cd00</load_address>
         <run_address>0x2cd00</run_address>
         <size>0x4c0</size>
         <input_file_ref idref="fl-29"/>
      </object_component>
      <object_component id="oc-3f">
         <name>.debug_info</name>
         <load_address>0x2d1c0</load_address>
         <run_address>0x2d1c0</run_address>
         <size>0x249</size>
         <input_file_ref idref="fl-29"/>
      </object_component>
      <object_component id="oc-1bd">
         <name>.debug_info</name>
         <load_address>0x2d409</load_address>
         <run_address>0x2d409</run_address>
         <size>0x4f</size>
         <input_file_ref idref="fl-29"/>
      </object_component>
      <object_component id="oc-f3">
         <name>.debug_info</name>
         <load_address>0x2d458</load_address>
         <run_address>0x2d458</run_address>
         <size>0x56c</size>
         <input_file_ref idref="fl-2a"/>
      </object_component>
      <object_component id="oc-80">
         <name>.debug_info</name>
         <load_address>0x2d9c4</load_address>
         <run_address>0x2d9c4</run_address>
         <size>0x823</size>
         <input_file_ref idref="fl-2a"/>
      </object_component>
      <object_component id="oc-281">
         <name>.debug_info</name>
         <load_address>0x2e1e7</load_address>
         <run_address>0x2e1e7</run_address>
         <size>0x33a</size>
         <input_file_ref idref="fl-2f"/>
      </object_component>
      <object_component id="oc-14e">
         <name>.debug_info</name>
         <load_address>0x2e521</load_address>
         <run_address>0x2e521</run_address>
         <size>0x1ee</size>
         <input_file_ref idref="fl-2f"/>
      </object_component>
      <object_component id="oc-276">
         <name>.debug_info</name>
         <load_address>0x2e70f</load_address>
         <run_address>0x2e70f</run_address>
         <size>0x1c3</size>
         <input_file_ref idref="fl-2f"/>
      </object_component>
      <object_component id="oc-27e">
         <name>.debug_info</name>
         <load_address>0x2e8d2</load_address>
         <run_address>0x2e8d2</run_address>
         <size>0x176</size>
         <input_file_ref idref="fl-2f"/>
      </object_component>
      <object_component id="oc-282">
         <name>.debug_info</name>
         <load_address>0x2ea48</load_address>
         <run_address>0x2ea48</run_address>
         <size>0x2c</size>
         <input_file_ref idref="fl-2f"/>
      </object_component>
      <object_component id="oc-287">
         <name>.debug_info</name>
         <load_address>0x2ea74</load_address>
         <run_address>0x2ea74</run_address>
         <size>0x69</size>
         <input_file_ref idref="fl-2f"/>
      </object_component>
      <object_component id="oc-33d">
         <name>.debug_info</name>
         <load_address>0x2eadd</load_address>
         <run_address>0x2eadd</run_address>
         <size>0x28f</size>
         <input_file_ref idref="fl-30"/>
      </object_component>
      <object_component id="oc-232">
         <name>.debug_info</name>
         <load_address>0x2ed6c</load_address>
         <run_address>0x2ed6c</run_address>
         <size>0x1a0</size>
         <input_file_ref idref="fl-30"/>
      </object_component>
      <object_component id="oc-408">
         <name>.debug_info</name>
         <load_address>0x2ef0c</load_address>
         <run_address>0x2ef0c</run_address>
         <size>0x46</size>
         <input_file_ref idref="fl-30"/>
      </object_component>
      <object_component id="oc-338">
         <name>.debug_info</name>
         <load_address>0x2ef52</load_address>
         <run_address>0x2ef52</run_address>
         <size>0x39</size>
         <input_file_ref idref="fl-30"/>
      </object_component>
      <object_component id="oc-56">
         <name>.debug_info</name>
         <load_address>0x2ef8b</load_address>
         <run_address>0x2ef8b</run_address>
         <size>0x119</size>
         <input_file_ref idref="fl-31"/>
      </object_component>
      <object_component id="oc-e1">
         <name>.debug_info</name>
         <load_address>0x2f0a4</load_address>
         <run_address>0x2f0a4</run_address>
         <size>0x147</size>
         <input_file_ref idref="fl-33"/>
      </object_component>
      <object_component id="oc-222">
         <name>.debug_info</name>
         <load_address>0x2f1eb</load_address>
         <run_address>0x2f1eb</run_address>
         <size>0x4b3</size>
         <input_file_ref idref="fl-34"/>
      </object_component>
      <object_component id="oc-103">
         <name>.debug_info</name>
         <load_address>0x2f69e</load_address>
         <run_address>0x2f69e</run_address>
         <size>0x1a6</size>
         <input_file_ref idref="fl-34"/>
      </object_component>
      <object_component id="oc-326">
         <name>.debug_info</name>
         <load_address>0x2f844</load_address>
         <run_address>0x2f844</run_address>
         <size>0x39</size>
         <input_file_ref idref="fl-34"/>
      </object_component>
      <object_component id="oc-3fc">
         <name>.debug_info</name>
         <load_address>0x2f87d</load_address>
         <run_address>0x2f87d</run_address>
         <size>0x39</size>
         <input_file_ref idref="fl-34"/>
      </object_component>
      <object_component id="oc-32b">
         <name>.debug_info</name>
         <load_address>0x2f8b6</load_address>
         <run_address>0x2f8b6</run_address>
         <size>0x39</size>
         <input_file_ref idref="fl-34"/>
      </object_component>
      <object_component id="oc-330">
         <name>.debug_info</name>
         <load_address>0x2f8ef</load_address>
         <run_address>0x2f8ef</run_address>
         <size>0xcd</size>
         <input_file_ref idref="fl-34"/>
      </object_component>
      <object_component id="oc-dd">
         <name>.debug_info</name>
         <load_address>0x2f9bc</load_address>
         <run_address>0x2f9bc</run_address>
         <size>0x2d4</size>
         <input_file_ref idref="fl-36"/>
      </object_component>
      <object_component id="oc-6a">
         <name>.debug_info</name>
         <load_address>0x2fc90</load_address>
         <run_address>0x2fc90</run_address>
         <size>0x1b5</size>
         <input_file_ref idref="fl-36"/>
      </object_component>
      <object_component id="oc-d8">
         <name>.debug_info</name>
         <load_address>0x2fe45</load_address>
         <run_address>0x2fe45</run_address>
         <size>0x46</size>
         <input_file_ref idref="fl-36"/>
      </object_component>
      <object_component id="oc-60">
         <name>.debug_info</name>
         <load_address>0x2fe8b</load_address>
         <run_address>0x2fe8b</run_address>
         <size>0x2a3</size>
         <input_file_ref idref="fl-37"/>
      </object_component>
      <object_component id="oc-18">
         <name>.debug_info</name>
[...]
      <symbol id="sm-95f">
         <name>_pmuResetCounters_</name>
         <value>0x11ce8</value>
         <object_component_ref idref="oc-f4"/>
      </symbol>
      <symbol id="sm-960">
         <name>_pmuGetEventCount_</name>
         <value>0x11d1c</value>
         <object_component_ref idref="oc-f4"/>
      </symbol>
      <symbol id="sm-961">
         <name>_pmuResetEventCounters_</name>
         <value>0x11cd8</value>
         <object_component_ref idref="oc-f4"/>
      </symbol>
      <symbol id="sm-962">
         <name>_pmuStopCounters_</name>
         <value>0x11d00</value>
         <object_component_ref idref="oc-f4"/>
      </symbol>
      <symbol id="sm-963">
         <name>_pmuInit_</name>
         <value>0x11c5c</value>
         <object_component_ref idref="oc-f4"/>
      </symbol>
      <symbol id="sm-964">
         <name>_pmuGetOverflow_</name>
         <value>0x11d28</value>
         <object_component_ref idref="oc-f4"/>
      </symbol>
      <symbol id="sm-965">
         <name>_pmuResetCycleCounter_</name>
         <value>0x11cc8</value>
         <object_component_ref idref="oc-f4"/>
      </symbol>
      <symbol id="sm-966">
         <name>_pmuSetCountEvent_</name>
         <value>0x11d08</value>
         <object_component_ref idref="oc-f4"/>
      </symbol>
      <symbol id="sm-967">
         <name>_pmuGetCycleCount_</name>
         <value>0x11d14</value>
         <object_component_ref idref="oc-f4"/>
      </symbol>
      <symbol id="sm-968">
         <name>_pmuEnableCountersGlobal_</name>
         <value>0x11ca8</value>
         <object_component_ref idref="oc-f4"/>
      </symbol>
      <symbol id="sm-969">
         <name>_pmuDisableCountersGlobal_</name>
         <value>0x11cb8</value>
         <object_component_ref idref="oc-f4"/>
      </symbol>
      <symbol id="sm-96a">
         <name>_pmuStartCounters_</name>
         <value>0x11cf8</value>
         <object_component_ref idref="oc-f4"/>
      </symbol>
      <symbol id="sm-b2a">
         <name>pbistSelfCheck</name>
         <value>0x82cc</value>
         <object_component_ref idref="oc-84"/>
      </symbol>
      <symbol id="sm-b2b">
         <name>fmcBus1ParityCheck</name>
         <value>0xa2c4</value>
         <object_component_ref idref="oc-84"/>
      </symbol>
      <symbol id="sm-b2c">
         <name>can1ParityCheck</name>
         <value>0x9410</value>
         <object_component_ref idref="oc-84"/>
      </symbol>
      <symbol id="sm-b2d">
         <name>enableParity</name>
         <value>0xaad0</value>
         <object_component_ref idref="oc-84"/>
      </symbol>
      <symbol id="sm-b2e">
         <name>dmaParityCheck</name>
         <value>0x8eac</value>
         <object_component_ref idref="oc-84"/>
      </symbol>
      <symbol id="sm-b2f">
         <name>custom_dabort</name>
         <value>0x8df4</value>
         <object_component_ref idref="oc-84"/>
      </symbol>
      <symbol id="sm-b30">
         <name>memoryInit</name>
         <value>0x8174</value>
         <object_component_ref idref="oc-84"/>
      </symbol>
      <symbol id="sm-b31">
         <name>stcSelfCheck</name>
         <value>0x81b8</value>
         <object_component_ref idref="oc-84"/>
      </symbol>
      <symbol id="sm-b32">
         <name>efcGetConfigValue</name>
         <value>0xa660</value>
         <object_component_ref idref="oc-84"/>
      </symbol>
      <symbol id="sm-b33">
         <name>can2ParityCheck</name>
         <value>0x94e8</value>
         <object_component_ref idref="oc-84"/>
      </symbol>
      <symbol id="sm-b34">
         <name>het1ParityCheck</name>
         <value>0x8f58</value>
         <object_component_ref idref="oc-84"/>
      </symbol>
      <symbol id="sm-b35">
         <name>adc1ParityCheck</name>
         <value>0x926c</value>
         <object_component_ref idref="oc-84"/>
      </symbol>
      <symbol id="sm-b36">
         <name>checkefcSelfTest</name>
         <value>0x87bc</value>
         <object_component_ref idref="oc-84"/>
      </symbol>
      <symbol id="sm-b37">
         <name>checkRAMECC</name>
         <value>0x99d0</value>
         <object_component_ref idref="oc-84"/>
      </symbol>
      <symbol id="sm-b38">
         <name>stcSelfCheckFail</name>
         <value>0x8df8</value>
         <object_component_ref idref="oc-84"/>
      </symbol>
      <symbol id="sm-b39">
         <name>ccmSelfCheck</name>
         <value>0x8030</value>
         <object_component_ref idref="oc-84"/>
      </symbol>
      <symbol id="sm-b3a">
         <name>efcCheck</name>
         <value>0x8660</value>
         <object_component_ref idref="oc-84"/>
      </symbol>
      <symbol id="sm-b3b">
         <name>het2ParityCheck</name>
         <value>0x90c0</value>
         <object_component_ref idref="oc-84"/>
      </symbol>
      <symbol id="sm-b3c">
         <name>adc2ParityCheck</name>
         <value>0x9358</value>
         <object_component_ref idref="oc-84"/>
      </symbol>
      <symbol id="sm-b3d">
         <name>cpuSelfTest</name>
         <value>0x8234</value>
         <object_component_ref idref="oc-84"/>
      </symbol>
      <symbol id="sm-b3e">
         <name>htu1ParityCheck</name>
         <value>0x9004</value>
         <object_component_ref idref="oc-84"/>
      </symbol>
      <symbol id="sm-b3f">
         <name>checkFlashECC</name>
         <value>0x8d18</value>
         <object_component_ref idref="oc-84"/>
      </symbol>
      <symbol id="sm-b40">
         <name>cpuSelfTestFail</name>
         <value>0x8dfc</value>
         <object_component_ref idref="oc-84"/>
      </symbol>
      <symbol id="sm-b41">
         <name>checkPLL1Slip</name>
         <value>0x9e8c</value>
         <object_component_ref idref="oc-84"/>
      </symbol>
      <symbol id="sm-b42">
         <name>mibspi1ParityCheck</name>
         <value>0x9684</value>
         <object_component_ref idref="oc-84"/>
      </symbol>
      <symbol id="sm-b43">
         <name>ccmr4GetConfigValue</name>
         <value>0xa6fc</value>
         <object_component_ref idref="oc-84"/>
      </symbol>
      <symbol id="sm-b44">
         <name>htu2ParityCheck</name>
         <value>0x91bc</value>
         <object_component_ref idref="oc-84"/>
      </symbol>
      <symbol id="sm-b45">
         <name>pbistPortTestStatus</name>
         <value>0x8608</value>
         <object_component_ref idref="oc-84"/>
      </symbol>
      <symbol id="sm-b46">
         <name>checkFlashEEPROMECC</name>
         <value>0x9cf4</value>
         <object_component_ref idref="oc-84"/>
      </symbol>
      <symbol id="sm-b47">
         <name>pbistGetConfigValue</name>
         <value>0xa470</value>
         <object_component_ref idref="oc-84"/>
      </symbol>
      <symbol id="sm-b48">
         <name>vimParityCheck</name>
         <value>0x8e00</value>
         <object_component_ref idref="oc-84"/>
      </symbol>
      <symbol id="sm-b49">
         <name>pbistIsTestCompleted</name>
         <value>0x85a8</value>
         <object_component_ref idref="oc-84"/>
      </symbol>
      <symbol id="sm-b4a">
         <name>disableParity</name>
         <value>0xab58</value>
         <object_component_ref idref="oc-84"/>
      </symbol>
      <symbol id="sm-b4b">
         <name>pbistRun</name>
         <value>0x84ac</value>
         <object_component_ref idref="oc-84"/>
      </symbol>
      <symbol id="sm-b4c">
         <name>pbistFail</name>
         <value>0xa3ec</value>
         <object_component_ref idref="oc-84"/>
      </symbol>
      <symbol id="sm-b4d">
         <name>selftestFailNotification</name>
         <value>0x8020</value>
         <object_component_ref idref="oc-84"/>
      </symbol>
      <symbol id="sm-b4e">
         <name>errata_PBIST_4</name>
         <value>0xa76c</value>
         <object_component_ref idref="oc-84"/>
      </symbol>
      <symbol id="sm-b4f">
         <name>mibspi3ParityCheck</name>
         <value>0x978c</value>
         <object_component_ref idref="oc-84"/>
      </symbol>
      <symbol id="sm-b50">
         <name>efcSelfTest</name>
         <value>0x8794</value>
         <object_component_ref idref="oc-84"/>
      </symbol>
      <symbol id="sm-b51">
         <name>checkB1RAMECC</name>
         <value>0x8b28</value>
         <object_component_ref idref="oc-84"/>
      </symbol>
      <symbol id="sm-b52">
         <name>pbistStop</name>
         <value>0x8578</value>
         <object_component_ref idref="oc-84"/>
      </symbol>
      <symbol id="sm-b53">
         <name>can3ParityCheck</name>
         <value>0x95b0</value>
         <object_component_ref idref="oc-84"/>
      </symbol>
      <symbol id="sm-b54">
         <name>checkRAMAddrParity</name>
         <value>0xa050</value>
         <object_component_ref idref="oc-84"/>
      </symbol>
      <symbol id="sm-b55">
         <name>mibspi5ParityCheck</name>
         <value>0x98b0</value>
         <object_component_ref idref="oc-84"/>
      </symbol>
      <symbol id="sm-b56">
         <name>checkB0RAMECC</name>
         <value>0x8938</value>
         <object_component_ref idref="oc-84"/>
      </symbol>
      <symbol id="sm-b57">
         <name>stcGetConfigValue</name>
         <value>0xa5bc</value>
         <object_component_ref idref="oc-84"/>
      </symbol>
      <symbol id="sm-b58">
         <name>pbistIsTestPassed</name>
         <value>0x85d4</value>
         <object_component_ref idref="oc-84"/>
      </symbol>
      <symbol id="sm-b59">
         <name>checkClockMonitor</name>
         <value>0x9c18</value>
         <object_component_ref idref="oc-84"/>
      </symbol>
      <symbol id="sm-b5a">
         <name>fmcECCcheck</name>
         <value>0x8898</value>
         <object_component_ref idref="oc-84"/>
      </symbol>
      <symbol id="sm-b5b">
         <name>fmcBus2Check</name>
         <value>0x885c</value>
         <object_component_ref idref="oc-84"/>
      </symbol>
      <symbol id="sm-b5c">
         <name>checkRAMUERRTest</name>
         <value>0xa15c</value>
         <object_component_ref idref="oc-84"/>
      </symbol>
      <symbol id="sm-b5d">
         <name>efcStuckZeroTest</name>
         <value>0x86e8</value>
         <object_component_ref idref="oc-84"/>
      </symbol>
      <symbol id="sm-b5e">
         <name>checkPLL2Slip</name>
         <value>0x9f8c</value>
         <object_component_ref idref="oc-84"/>
      </symbol>
      <symbol id="sm-b90">
         <name>_c_int00</name>
         <value>0x10670</value>
         <object_component_ref idref="oc-1e"/>
      </symbol>
      <symbol id="sm-b91">
         <name>handlePLLLockFail</name>
         <value>0x12368</value>
         <object_component_ref idref="oc-78"/>
      </symbol>
      <symbol id="sm-c41">
         <name>vimChannelMap</name>
         <value>0xc3d0</value>
         <object_component_ref idref="oc-43"/>
      </symbol>
      <symbol id="sm-c42">
         <name>vimInit</name>
         <value>0xc2fc</value>
         <object_component_ref idref="oc-43"/>
      </symbol>
      <symbol id="sm-c43">
         <name>vimEnableInterrupt</name>
         <value>0xc474</value>
         <object_component_ref idref="oc-43"/>
      </symbol>
      <symbol id="sm-c44">
         <name>vimDisableInterrupt</name>
         <value>0xc63c</value>
         <object_component_ref idref="oc-43"/>
      </symbol>
      <symbol id="sm-c45">
         <name>vimGetConfigValue</name>
         <value>0xc6e8</value>
         <object_component_ref idref="oc-43"/>
      </symbol>
      <symbol id="sm-c46">
         <name>vimParityErrorHandler</name>
         <value>0x100ec</value>
         <object_component_ref idref="oc-3e"/>
      </symbol>
      <symbol id="sm-ca1">
         <name>systemGetConfigValue</name>
         <value>0xb088</value>
         <object_component_ref idref="oc-7e"/>
      </symbol>
      <symbol id="sm-ca2">
         <name>trimLPO</name>
         <value>0xad5c</value>
         <object_component_ref idref="oc-7e"/>
      </symbol>
      <symbol id="sm-ca3">
         <name>systemInit</name>
         <value>0xaf8c</value>
         <object_component_ref idref="oc-7e"/>
      </symbol>
      <symbol id="sm-ca4">
         <name>customTrimLPO</name>
         <value>0xb784</value>
         <object_component_ref idref="oc-7e"/>
      </symbol>
      <symbol id="sm-ca5">
         <name>tcmflashGetConfigValue</name>
         <value>0xb49c</value>
         <object_component_ref idref="oc-7e"/>
      </symbol>
      <symbol id="sm-ca6">
         <name>sramGetConfigValue</name>
         <value>0xb648</value>
         <object_component_ref idref="oc-7e"/>
      </symbol>
      <symbol id="sm-ca7">
         <name>periphInit</name>
         <value>0xae10</value>
         <object_component_ref idref="oc-7e"/>
      </symbol>
      <symbol id="sm-ca8">
         <name>setupFlash</name>
         <value>0xadd0</value>
         <object_component_ref idref="oc-7e"/>
      </symbol>
      <symbol id="sm-ca9">
         <name>setupPLL</name>
         <value>0xacfc</value>
         <object_component_ref idref="oc-7e"/>
      </symbol>
      <symbol id="sm-caa">
         <name>mapClocks</name>
         <value>0xae64</value>
         <object_component_ref idref="oc-7e"/>
      </symbol>
      <symbol id="sm-cab">
         <name>systemPowerDown</name>
         <value>0xb058</value>
         <object_component_ref idref="oc-7e"/>
      </symbol>
      <symbol id="sm-cda">
         <name>snprintf</name>
         <value>0x121a5</value>
         <object_component_ref idref="oc-14a"/>
      </symbol>
      <symbol id="sm-d00">
         <name>floorl</name>
         <value>0x11b7d</value>
         <object_component_ref idref="oc-230"/>
      </symbol>
      <symbol id="sm-d01">
         <name>floor</name>
         <value>0x11b7d</value>
         <object_component_ref idref="oc-230"/>
      </symbol>
      <symbol id="sm-d1c">
         <name>memcpy</name>
         <value>0x11deb</value>
         <object_component_ref idref="oc-55"/>
      </symbol>
      <symbol id="sm-d1d">
         <name>__aeabi_memcpy</name>
         <value>0x11deb</value>
         <object_component_ref idref="oc-55"/>
      </symbol>
      <symbol id="sm-d1e">
         <name>__aeabi_memcpy8</name>
         <value>0x11deb</value>
         <object_component_ref idref="oc-55"/>
      </symbol>
      <symbol id="sm-d1f">
         <name>__aeabi_memcpy4</name>
         <value>0x11deb</value>
         <object_component_ref idref="oc-55"/>
      </symbol>
      <symbol id="sm-d2f">
         <name>__aeabi_memset</name>
         <value>0x11f03</value>
         <object_component_ref idref="oc-de"/>
      </symbol>
      <symbol id="sm-d30">
         <name>memset</name>
         <value>0x11f09</value>
         <object_component_ref idref="oc-de"/>
      </symbol>
      <symbol id="sm-d31">
         <name>__aeabi_memset8</name>
         <value>0x11f03</value>
         <object_component_ref idref="oc-de"/>
      </symbol>
      <symbol id="sm-d32">
         <name>__aeabi_memset4</name>
         <value>0x11f03</value>
         <object_component_ref idref="oc-de"/>
      </symbol>
      <symbol id="sm-d33">
         <name>__aeabi_memclr8</name>
         <value>0x11f01</value>
         <object_component_ref idref="oc-de"/>
      </symbol>
      <symbol id="sm-d34">
         <name>__aeabi_memclr4</name>
         <value>0x11f01</value>
         <object_component_ref idref="oc-de"/>
      </symbol>
      <symbol id="sm-d35">
         <name>__aeabi_memclr</name>
         <value>0x11f01</value>
         <object_component_ref idref="oc-de"/>
      </symbol>
      <symbol id="sm-d5d">
         <name>__TI_auto_init_nobinit_nopinit</name>
         <value>0x121f1</value>
         <object_component_ref idref="oc-102"/>
      </symbol>
      <symbol id="sm-d70">
         <name>__TI_zero_init</name>
         <value>0x1234d</value>
         <object_component_ref idref="oc-67"/>
      </symbol>
      <symbol id="sm-d87">
         <name>__TI_decompress_none</name>
         <value>0x1233f</value>
         <object_component_ref idref="oc-17"/>
      </symbol>
      <symbol id="sm-daa">
         <name>__TI_decompress_lzss</name>
         <value>0x11ff1</value>
         <object_component_ref idref="oc-11"/>
      </symbol>
      <symbol id="sm-db5">
         <name>C$$EXIT</name>
         <value>0x12361</value>
         <object_component_ref idref="oc-17e"/>
      </symbol>
      <symbol id="sm-db6">
         <name>abort</name>
         <value>0x12361</value>
         <object_component_ref idref="oc-17e"/>
      </symbol>
      <symbol id="sm-dc5">
         <name>strlen</name>
         <value>0x12317</value>
         <object_component_ref idref="oc-144"/>
      </symbol>
      <symbol id="sm-f1c">
         <name>__TI_printfi</name>
         <value>0xcd55</value>
         <object_component_ref idref="oc-26e"/>
      </symbol>
      <symbol id="sm-f3a">
         <name>frexpl</name>
         <value>0x11f7d</value>
         <object_component_ref idref="oc-453"/>
      </symbol>
      <symbol id="sm-f3b">
         <name>frexp</name>
         <value>0x11f7d</value>
         <object_component_ref idref="oc-453"/>
      </symbol>
      <symbol id="sm-f58">
         <name>scalbn</name>
         <value>0x119a5</value>
         <object_component_ref idref="oc-459"/>
      </symbol>
      <symbol id="sm-f59">
         <name>scalbnl</name>
         <value>0x119a5</value>
         <object_component_ref idref="oc-459"/>
      </symbol>
      <symbol id="sm-f5a">
         <name>ldexpl</name>
         <value>0x119a5</value>
         <object_component_ref idref="oc-459"/>
      </symbol>
      <symbol id="sm-f5b">
         <name>ldexp</name>
         <value>0x119a5</value>
         <object_component_ref idref="oc-459"/>
      </symbol>
      <symbol id="sm-f74">
         <name>wcslen</name>
         <value>0x1232d</value>
         <object_component_ref idref="oc-38b"/>
      </symbol>
      <symbol id="sm-f91">
         <name>__aeabi_uldivmod</name>
         <value>0x103b8</value>
         <object_component_ref idref="oc-42c"/>
      </symbol>
      <symbol id="sm-fa0">
         <name>__TI_ltoa</name>
         <value>0x1205d</value>
         <object_component_ref idref="oc-432"/>
      </symbol>
      <symbol id="sm-fb5">
         <name>atoi</name>
         <value>0x12155</value>
         <object_component_ref idref="oc-361"/>
      </symbol>
      <symbol id="sm-fc0">
         <name>_ctypes_</name>
         <value>0x1256c</value>
         <object_component_ref idref="oc-427"/>
      </symbol>
      <symbol id="sm-fd0">
         <name>memccpy</name>
         <value>0x122a5</value>
         <object_component_ref idref="oc-385"/>
      </symbol>
      <symbol id="sm-fe0">
         <name>strchr</name>
         <value>0x12301</value>
         <object_component_ref idref="oc-45f"/>
      </symbol>
      <symbol id="sm-ff6">
         <name>__aeabi_errno_addr</name>
         <value>0x12359</value>
         <object_component_ref idref="oc-391"/>
      </symbol>
      <symbol id="sm-ff7">
         <name>errno</name>
         <value>0x80061a8</value>
         <object_component_ref idref="oc-46f"/>
      </symbol>
      <symbol id="sm-1001">
         <name>copysign</name>
         <value>0x122cb</value>
         <object_component_ref idref="oc-4be"/>
      </symbol>
      <symbol id="sm-1002">
         <name>copysignl</name>
         <value>0x122cb</value>
         <object_component_ref idref="oc-4be"/>
      </symbol>
      <symbol id="sm-1003">
         <name>__TI_static_base__</name>
         <value>0x0</value>
      </symbol>
      <symbol id="sm-1007">
         <name>SHT$$INIT_ARRAY$$Base</name>
         <value>0x0</value>
      </symbol>
      <symbol id="sm-1008">
         <name>SHT$$INIT_ARRAY$$Limit</name>
         <value>0x0</value>
      </symbol>
      <symbol id="sm-1009">
         <name>_system_post_cinit</name>
         <value>0x0</value>
      </symbol>
   </symbol_table>
   <title>Link successful</title>
</link_info>
